error TS2318: Cannot find global type 'IterableIterator'.
error TS2468: Cannot find global value 'Promise'.
app.js(10,8): error TS2307: Cannot find module './modules/astronomy-utils.js?v=20260314-natural-eclipse2' or its corresponding type declarations.
app.js(11,43): error TS2307: Cannot find module './modules/astronomy-controller.js?v=20260314-natural-eclipse4' or its corresponding type declarations.
app.js(12,40): error TS2307: Cannot find module './modules/camera-controller.js?v=20260313-tracking-angle1' or its corresponding type declarations.
app.js(13,57): error TS2307: Cannot find module './modules/celestial-tracking-camera-controller.js?v=20260313-tracking-angle1' or its corresponding type declarations.
app.js(14,50): error TS2307: Cannot find module './modules/first-person-world-controller.js?v=20260312-darksun-eclipse1' or its corresponding type declarations.
app.js(15,28): error TS2307: Cannot find module './modules/i18n.js?v=20260314-magnetic-pinecone3' or its corresponding type declarations.
app.js(16,47): error TS2307: Cannot find module './modules/magnetic-field-controller.js?v=20260314-magnetic-pinecone3' or its corresponding type declarations.
app.js(18,38): error TS2307: Cannot find module './modules/texture-manager.js?v=20260311-gpu-daynight' or its corresponding type declarations.
app.js(19,40): error TS2307: Cannot find module './modules/walker-controller.js?v=20260312-darksun-eclipse1' or its corresponding type declarations.
app.js(284,31): error TS2461: Type 'NodeListOf<Element>' is not an array type.
app.js(285,30): error TS2461: Type 'NodeListOf<Element>' is not an array type.
app.js(286,33): error TS2461: Type 'NodeListOf<Element>' is not an array type.
app.js(287,33): error TS2461: Type 'NodeListOf<Element>' is not an array type.
app.js(295,30): error TS2461: Type 'NodeListOf<Element>' is not an array type.
app.js(296,32): error TS2461: Type 'NodeListOf<Element>' is not an array type.
app.js(338,34): error TS2461: Type 'NodeListOf<Element>' is not an array type.
app.js(365,20): error TS2339: Property 'checked' does not exist on type 'HTMLElement'.
app.js(370,25): error TS2339: Property 'alt' does not exist on type 'HTMLElement'.
app.js(765,61): error TS2339: Property 'position' does not exist on type 'Group'.
app.js(1074,15): error TS2550: Property 'isFinite' does not exist on type 'NumberConstructor'. Do you need to change your target library? Try changing the 'lib' compiler option to 'es2015' or later.
app.js(1093,9): error TS2339: Property 'rotation' does not exist on type 'Group'.
app.js(1123,14): error TS2339: Property 'position' does not exist on type 'Group'.
app.js(1128,18): error TS2339: Property 'position' does not exist on type 'Group'.
app.js(1136,61): error TS2339: Property 'position' does not exist on type 'Group'.
app.js(1137,63): error TS2339: Property 'position' does not exist on type 'Group'.
app.js(1145,43): error TS2339: Property 'position' does not exist on type 'Group'.
app.js(1147,29): error TS2339: Property 'position' does not exist on type 'Group'.
app.js(1149,35): error TS2339: Property 'position' does not exist on type 'Group'.
app.js(1150,87): error TS2339: Property 'position' does not exist on type 'Group'.
app.js(1151,31): error TS2339: Property 'position' does not exist on type 'Group'.
app.js(1152,37): error TS2339: Property 'position' does not exist on type 'Group'.
app.js(1173,53): error TS2339: Property 'position' does not exist on type 'Group'.
modules/celestial-visuals-controller.js(2,41): error TS2307: Cannot find module './astronomy-utils.js?v=20260314-natural-eclipse2' or its corresponding type declarations.
modules/celestial-visuals-controller.js(157,31): error TS2304: Cannot find name 'getSolarEclipseLightScale'.
modules/celestial-visuals-controller.js(161,7): error TS2304: Cannot find name 'observerSunBody'.
modules/celestial-visuals-controller.js(162,7): error TS2304: Cannot find name 'observerSunHalo'.
modules/celestial-visuals-controller.js(163,7): error TS2304: Cannot find name 'observerSunLight'.
modules/celestial-visuals-controller.js(165,34): error TS2304: Cannot find name 'ORBIT_SUN_BODY_EMISSIVE_INTENSITY'.
modules/celestial-visuals-controller.js(166,34): error TS2304: Cannot find name 'ORBIT_SUN_HALO_OPACITY'.
modules/celestial-visuals-controller.js(167,35): error TS2304: Cannot find name 'ORBIT_SUN_LIGHT_INTENSITY'.
modules/celestial-visuals-controller.js(168,36): error TS2304: Cannot find name 'ORBIT_SUN_CORONA_OPACITY'.
modules/celestial-visuals-controller.js(172,37): error TS2304: Cannot find name 'ORBIT_SUN_AUREOLE_OPACITY'.
modules/celestial-visuals-controller.js(188,7): error TS2304: Cannot find name 'orbitSunLight'.
modules/celestial-visuals-controller.js(189,9): error TS2304: Cannot find name 'orbitSunLight'.
modules/celestial-visuals-controller.js(253,31): error TS2304: Cannot find name 'tempSunWorldPosition'.
modules/celestial-visuals-controller.js(254,5): error TS2304: Cannot find name 'tempDomeSunLocalPosition'.
modules/celestial-visuals-controller.js(254,35): error TS2304: Cannot find name 'tempSunWorldPosition'.
modules/celestial-visuals-controller.js(255,23): error TS2304: Cannot find name 'tempDomeSunLocalPosition'.
modules/celestial-visuals-controller.js(257,74): error TS2304: Cannot find name 'tempDomeSunLocalPosition'.
modules/celestial-visuals-controller.js(311,31): error TS2550: Property 'hypot' does not exist on type 'Math'. Do you need to change your target library? Try changing the 'lib' compiler option to 'es2015' or later.
modules/celestial-visuals-controller.js(314,7): error TS2304: Cannot find name 'tempObserverNorthAxis'.
modules/celestial-visuals-controller.js(315,7): error TS2304: Cannot find name 'tempObserverEastAxis'.
modules/celestial-visuals-controller.js(315,33): error TS2304: Cannot find name 'tempObserverNorthAxis'.
modules/celestial-visuals-controller.js(315,61): error TS2304: Cannot find name 'tempObserverNorthAxis'.
modules/celestial-visuals-controller.js(320,5): error TS2304: Cannot find name 'tempObserverNorthAxis'.
modules/celestial-visuals-controller.js(321,5): error TS2304: Cannot find name 'tempObserverEastAxis'.
modules/celestial-visuals-controller.js(352,5): error TS2304: Cannot find name 'tempObserverSkyOrigin'.
modules/celestial-visuals-controller.js(357,5): error TS2304: Cannot find name 'tempObserverSkyPoint'.
modules/celestial-visuals-controller.js(357,31): error TS2304: Cannot find name 'tempObserverSkyOrigin'.
modules/celestial-visuals-controller.js(358,24): error TS2304: Cannot find name 'tempObserverNorthAxis'.
modules/celestial-visuals-controller.js(359,24): error TS2304: Cannot find name 'tempObserverEastAxis'.
modules/celestial-visuals-controller.js(362,24): error TS2304: Cannot find name 'tempObserverSkyPoint'.
modules/celestial-visuals-controller.js(367,5): error TS2304: Cannot find name 'tempObserverSkyOrigin'.
modules/celestial-visuals-controller.js(372,5): error TS2304: Cannot find name 'tempObserverRelative'.
modules/celestial-visuals-controller.js(372,56): error TS2304: Cannot find name 'tempObserverSkyOrigin'.
modules/celestial-visuals-controller.js(374,28): error TS2304: Cannot find name 'tempObserverRelative'.
modules/celestial-visuals-controller.js(374,53): error TS2304: Cannot find name 'tempObserverNorthAxis'.
modules/celestial-visuals-controller.js(375,27): error TS2304: Cannot find name 'tempObserverRelative'.
modules/celestial-visuals-controller.js(375,52): error TS2304: Cannot find name 'tempObserverEastAxis'.
modules/celestial-visuals-controller.js(376,25): error TS2304: Cannot find name 'tempObserverRelative'.
modules/celestial-visuals-controller.js(377,33): error TS2550: Property 'hypot' does not exist on type 'Math'. Do you need to change your target library? Try changing the 'lib' compiler option to 'es2015' or later.
modules/celestial-visuals-controller.js(528,9): error TS2304: Cannot find name 'observerMoonHalo'.
modules/celestial-visuals-controller.js(529,9): error TS2304: Cannot find name 'observerMoonCoolGlow'.
modules/celestial-visuals-controller.js(530,9): error TS2304: Cannot find name 'observerMoonCorona'.
modules/celestial-visuals-controller.js(531,9): error TS2304: Cannot find name 'observerMoonAureole'.
modules/celestial-visuals-controller.js(532,9): error TS2304: Cannot find name 'observerMoonWarmFringe'.
modules/celestial-visuals-controller.js(533,9): error TS2304: Cannot find name 'observerMoonLight'.
modules/celestial-visuals-controller.js(538,7): error TS2304: Cannot find name 'observerMoon'.
modules/celestial-visuals-controller.js(542,7): error TS2304: Cannot find name 'sunFullTrail'.
modules/celestial-visuals-controller.js(542,30): error TS2304: Cannot find name 'celestialControlState'.
modules/celestial-visuals-controller.js(543,7): error TS2304: Cannot find name 'sunFullTrailPointsCloud'.
modules/celestial-visuals-controller.js(543,41): error TS2304: Cannot find name 'celestialControlState'.
modules/celestial-visuals-controller.js(544,7): error TS2304: Cannot find name 'sunTrail'.
modules/celestial-visuals-controller.js(545,7): error TS2304: Cannot find name 'sunTrailPointsCloud'.
modules/celestial-visuals-controller.js(547,49): error TS2304: Cannot find name 'ORBIT_SUN_BODY_EMISSIVE_INTENSITY'.
modules/celestial-visuals-controller.js(550,39): error TS2304: Cannot find name 'ORBIT_SUN_HALO_OPACITY'.
modules/celestial-visuals-controller.js(553,7): error TS2304: Cannot find name 'orbitSunLight'.
modules/celestial-visuals-controller.js(553,33): error TS2304: Cannot find name 'ORBIT_SUN_LIGHT_INTENSITY'.
modules/celestial-visuals-controller.js(554,7): error TS2304: Cannot find name 'orbitMoon'.
modules/celestial-visuals-controller.js(555,7): error TS2304: Cannot find name 'orbitMoon'.
modules/celestial-visuals-controller.js(556,7): error TS2304: Cannot find name 'moonFullTrail'.
modules/celestial-visuals-controller.js(556,31): error TS2304: Cannot find name 'celestialControlState'.
modules/celestial-visuals-controller.js(557,7): error TS2304: Cannot find name 'moonFullTrailPointsCloud'.
modules/celestial-visuals-controller.js(557,42): error TS2304: Cannot find name 'celestialControlState'.
modules/celestial-visuals-controller.js(558,7): error TS2304: Cannot find name 'moonTrail'.
modules/celestial-visuals-controller.js(559,7): error TS2304: Cannot find name 'moonTrailPointsCloud'.
modules/celestial-visuals-controller.js(571,25): error TS2304: Cannot find name 'getGeoFromProjectedPosition'.
modules/celestial-visuals-controller.js(574,33): error TS2304: Cannot find name 'tempDemoSunSourceWorld'.
modules/celestial-visuals-controller.js(578,37): error TS2304: Cannot find name 'tempDemoDarkSunSourceWorld'.
modules/celestial-visuals-controller.js(582,7): error TS2304: Cannot find name 'orbitMoon'.
modules/celestial-visuals-controller.js(582,34): error TS2304: Cannot find name 'tempDemoMoonSourceWorld'.
modules/celestial-visuals-controller.js(589,48): error TS2304: Cannot find name 'FIRST_PERSON_CELESTIAL_FADE_RANGE'.
modules/celestial-visuals-controller.js(589,86): error TS2304: Cannot find name 'FIRST_PERSON_CELESTIAL_FADE_RANGE'.
modules/celestial-visuals-controller.js(594,52): error TS2304: Cannot find name 'FIRST_PERSON_CELESTIAL_FADE_RANGE'.
modules/celestial-visuals-controller.js(594,90): error TS2304: Cannot find name 'FIRST_PERSON_CELESTIAL_FADE_RANGE'.
modules/celestial-visuals-controller.js(599,49): error TS2304: Cannot find name 'FIRST_PERSON_CELESTIAL_FADE_RANGE'.
modules/celestial-visuals-controller.js(599,87): error TS2304: Cannot find name 'FIRST_PERSON_CELESTIAL_FADE_RANGE'.
modules/celestial-visuals-controller.js(624,31): error TS2304: Cannot find name 'observerMoon'.
modules/celestial-visuals-controller.js(627,5): error TS2304: Cannot find name 'observerMoon'.
modules/celestial-visuals-controller.js(628,33): error TS2304: Cannot find name 'FIRST_PERSON_SUN_SCALE'.
modules/celestial-visuals-controller.js(629,37): error TS2304: Cannot find name 'FIRST_PERSON_SUN_SCALE'.
modules/celestial-visuals-controller.js(629,63): error TS2304: Cannot find name 'ORBIT_DARK_SUN_SIZE'.
modules/celestial-visuals-controller.js(629,85): error TS2304: Cannot find name 'ORBIT_SUN_SIZE'.
modules/celestial-visuals-controller.js(630,5): error TS2304: Cannot find name 'observerMoon'.
modules/celestial-visuals-controller.js(630,34): error TS2304: Cannot find name 'FIRST_PERSON_MOON_SCALE'.
modules/celestial-visuals-controller.js(645,7): error TS2304: Cannot find name 'observerMoonHalo'.
modules/celestial-visuals-controller.js(646,7): error TS2304: Cannot find name 'observerMoonCoolGlow'.
modules/celestial-visuals-controller.js(647,7): error TS2304: Cannot find name 'observerMoonCorona'.
modules/celestial-visuals-controller.js(648,7): error TS2304: Cannot find name 'observerMoonAureole'.
modules/celestial-visuals-controller.js(649,7): error TS2304: Cannot find name 'observerMoonWarmFringe'.
modules/celestial-visuals-controller.js(650,7): error TS2304: Cannot find name 'observerMoonLight'.
modules/celestial-visuals-controller.js(655,5): error TS2304: Cannot find name 'sunFullTrail'.
modules/celestial-visuals-controller.js(656,5): error TS2304: Cannot find name 'sunFullTrailPointsCloud'.
modules/celestial-visuals-controller.js(657,5): error TS2304: Cannot find name 'sunTrail'.
modules/celestial-visuals-controller.js(658,5): error TS2304: Cannot find name 'sunTrailPointsCloud'.
modules/celestial-visuals-controller.js(661,5): error TS2304: Cannot find name 'observerSunBody'.
modules/celestial-visuals-controller.js(662,5): error TS2304: Cannot find name 'observerSunBody'.
modules/celestial-visuals-controller.js(663,5): error TS2304: Cannot find name 'observerSunBody'.
modules/celestial-visuals-controller.js(663,67): error TS2304: Cannot find name 'observerSunBody'.
modules/celestial-visuals-controller.js(664,5): error TS2304: Cannot find name 'observerSunBody'.
modules/celestial-visuals-controller.js(665,8): error TS2304: Cannot find name 'ORBIT_SUN_BODY_EMISSIVE_INTENSITY'.
modules/celestial-visuals-controller.js(665,70): error TS2304: Cannot find name 'observerSunBody'.
modules/celestial-visuals-controller.js(667,5): error TS2304: Cannot find name 'observerSunHalo'.
modules/celestial-visuals-controller.js(668,5): error TS2304: Cannot find name 'observerSunHalo'.
modules/celestial-visuals-controller.js(669,5): error TS2304: Cannot find name 'observerSunHalo'.
modules/celestial-visuals-controller.js(670,8): error TS2304: Cannot find name 'ORBIT_SUN_HALO_OPACITY'.
modules/celestial-visuals-controller.js(670,59): error TS2304: Cannot find name 'observerSunHalo'.
modules/celestial-visuals-controller.js(672,5): error TS2304: Cannot find name 'observerSunLight'.
modules/celestial-visuals-controller.js(673,8): error TS2304: Cannot find name 'ORBIT_SUN_LIGHT_INTENSITY'.
modules/celestial-visuals-controller.js(673,62): error TS2304: Cannot find name 'observerSunLight'.
modules/celestial-visuals-controller.js(677,9): error TS2304: Cannot find name 'ORBIT_DARK_SUN_DEBUG_OPACITY'.
modules/celestial-visuals-controller.js(680,9): error TS2304: Cannot find name 'ORBIT_DARK_SUN_DEBUG_RIM_OPACITY'.
modules/celestial-visuals-controller.js(681,10): error TS2304: Cannot find name 'ORBIT_DARK_SUN_RIM_OPACITY'.
modules/celestial-visuals-controller.js(682,5): error TS2304: Cannot find name 'observerDarkSunBody'.
modules/celestial-visuals-controller.js(683,33): error TS2304: Cannot find name 'observerDarkSunBody'.
modules/celestial-visuals-controller.js(685,5): error TS2304: Cannot find name 'observerDarkSunRim'.
modules/celestial-visuals-controller.js(686,32): error TS2304: Cannot find name 'observerDarkSunRim'.
modules/celestial-visuals-controller.js(688,5): error TS2304: Cannot find name 'tempSunWorldPosition'.
modules/celestial-visuals-controller.js(689,5): error TS2304: Cannot find name 'tempSunViewDirection'.
modules/celestial-visuals-controller.js(690,34): error TS2304: Cannot find name 'tempSunViewDirection'.
modules/celestial-visuals-controller.js(691,5): error TS2304: Cannot find name 'tempSunViewDirection'.
modules/celestial-visuals-controller.js(692,30): error TS2304: Cannot find name 'tempCameraForward'.
modules/celestial-visuals-controller.js(694,8): error TS2304: Cannot find name 'tempCameraForward'.
modules/celestial-visuals-controller.js(694,30): error TS2304: Cannot find name 'tempSunViewDirection'.
modules/celestial-visuals-controller.js(694,54): error TS2304: Cannot find name 'FIRST_PERSON_SUN_RAY_ALIGNMENT_START'.
modules/celestial-visuals-controller.js(695,10): error TS2304: Cannot find name 'FIRST_PERSON_SUN_RAY_ALIGNMENT_END'.
modules/celestial-visuals-controller.js(695,47): error TS2304: Cannot find name 'FIRST_PERSON_SUN_RAY_ALIGNMENT_START'.
modules/celestial-visuals-controller.js(710,44): error TS2304: Cannot find name 'tempSunWorldPosition'.
modules/celestial-visuals-controller.js(720,5): error TS2304: Cannot find name 'orbitMoon'.
modules/celestial-visuals-controller.js(721,5): error TS2304: Cannot find name 'orbitMoon'.
modules/celestial-visuals-controller.js(722,5): error TS2304: Cannot find name 'moonFullTrail'.
modules/celestial-visuals-controller.js(723,5): error TS2304: Cannot find name 'moonFullTrailPointsCloud'.
modules/celestial-visuals-controller.js(724,5): error TS2304: Cannot find name 'moonTrail'.
modules/celestial-visuals-controller.js(725,5): error TS2304: Cannot find name 'moonTrailPointsCloud'.
modules/celestial-visuals-controller.js(726,5): error TS2304: Cannot find name 'observerMoon'.
modules/celestial-visuals-controller.js(727,5): error TS2304: Cannot find name 'observerMoon'.
modules/celestial-visuals-controller.js(734,5): error TS2304: Cannot find name 'observerMoonHalo'.
modules/celestial-visuals-controller.js(735,5): error TS2304: Cannot find name 'observerMoonHalo'.
modules/celestial-visuals-controller.js(736,5): error TS2304: Cannot find name 'observerMoonHalo'.
modules/celestial-visuals-controller.js(737,65): error TS2304: Cannot find name 'observerMoonHalo'.
modules/celestial-visuals-controller.js(739,5): error TS2304: Cannot find name 'observerMoonLight'.
modules/celestial-visuals-controller.js(740,68): error TS2304: Cannot find name 'observerMoonLight'.
modules/celestial-visuals-controller.js(751,24): error TS2304: Cannot find name 'scaleDimension'.
modules/celestial-visuals-controller.js(792,18): error TS2705: An async function or method in ES5 requires the 'Promise' constructor.  Make sure you have a declaration for the 'Promise' constructor or include 'ES2015' in your '--lib' option.
modules/celestial-visuals-controller.js(814,9): error TS2585: 'Promise' only refers to a type, but is being used as a value here. Do you need to change your target library? Try changing the 'lib' compiler option to es2015 or later.
modules/celestial-visuals-controller.js(825,11): error TS2585: 'Promise' only refers to a type, but is being used as a value here. Do you need to change your target library? Try changing the 'lib' compiler option to es2015 or later.
modules/celestial-visuals-controller.js(827,11): error TS2585: 'Promise' only refers to a type, but is being used as a value here. Do you need to change your target library? Try changing the 'lib' compiler option to es2015 or later.
modules/geo-utils.js(22,32): error TS2550: Property 'hypot' does not exist on type 'Math'. Do you need to change your target library? Try changing the 'lib' compiler option to 'es2015' or later.
modules/input-handler.js(311,14): error TS2550: Property 'parseFloat' does not exist on type 'NumberConstructor'. Do you need to change your target library? Try changing the 'lib' compiler option to 'es2015' or later.
modules/input-handler.js(331,14): error TS2550: Property 'parseFloat' does not exist on type 'NumberConstructor'. Do you need to change your target library? Try changing the 'lib' compiler option to 'es2015' or later.
modules/input-handler.js(385,22): error TS2550: Property 'isNaN' does not exist on type 'NumberConstructor'. Do you need to change your target library? Try changing the 'lib' compiler option to 'es2015' or later.
modules/input-handler.js(503,71): error TS2304: Cannot find name 'DISC_RADIUS'.
modules/route-simulation-controller.js(50,5): error TS2345: Argument of type 'MeshStandardMaterial' is not assignable to parameter of type 'MeshBasicMaterial'.
  Type 'MeshStandardMaterial' is missing the following properties from type 'MeshBasicMaterial': isMeshBasicMaterial, specularMap, combine, reflectivity, refractionRatio
modules/route-simulation-controller.js(52,8): error TS2339: Property 'rotation' does not exist on type 'Mesh'.
modules/route-simulation-controller.js(57,5): error TS2345: Argument of type 'MeshStandardMaterial' is not assignable to parameter of type 'MeshBasicMaterial'.
  Type 'MeshStandardMaterial' is missing the following properties from type 'MeshBasicMaterial': isMeshBasicMaterial, specularMap, combine, reflectivity, refractionRatio
modules/route-simulation-controller.js(59,8): error TS2339: Property 'rotation' does not exist on type 'Mesh'.
modules/route-simulation-controller.js(60,8): error TS2339: Property 'position' does not exist on type 'Mesh'.
modules/route-simulation-controller.js(65,5): error TS2345: Argument of type 'MeshStandardMaterial' is not assignable to parameter of type 'MeshBasicMaterial'.
  Type 'MeshStandardMaterial' is missing the following properties from type 'MeshBasicMaterial': isMeshBasicMaterial, specularMap, combine, reflectivity, refractionRatio
modules/route-simulation-controller.js(67,8): error TS2339: Property 'position' does not exist on type 'Mesh'.
modules/route-simulation-controller.js(72,5): error TS2345: Argument of type 'MeshStandardMaterial' is not assignable to parameter of type 'MeshBasicMaterial'.
  Type 'MeshStandardMaterial' is missing the following properties from type 'MeshBasicMaterial': isMeshBasicMaterial, specularMap, combine, reflectivity, refractionRatio
modules/route-simulation-controller.js(74,12): error TS2339: Property 'position' does not exist on type 'Mesh'.
modules/route-simulation-controller.js(139,5): error TS2345: Argument of type 'MeshStandardMaterial' is not assignable to parameter of type 'MeshBasicMaterial'.
  Type 'MeshStandardMaterial' is missing the following properties from type 'MeshBasicMaterial': isMeshBasicMaterial, specularMap, combine, reflectivity, refractionRatio
modules/route-simulation-controller.js(151,5): error TS2345: Argument of type 'MeshStandardMaterial' is not assignable to parameter of type 'MeshBasicMaterial'.
  Type 'MeshStandardMaterial' is missing the following properties from type 'MeshBasicMaterial': isMeshBasicMaterial, specularMap, combine, reflectivity, refractionRatio
modules/route-simulation-controller.js(169,24): error TS2583: Cannot find name 'Map'. Do you need to change your target library? Try changing the 'lib' compiler option to 'es2015' or later.
modules/route-simulation-controller.js(170,24): error TS2583: Cannot find name 'Map'. Do you need to change your target library? Try changing the 'lib' compiler option to 'es2015' or later.
modules/route-simulation-controller.js(171,29): error TS2583: Cannot find name 'Map'. Do you need to change your target library? Try changing the 'lib' compiler option to 'es2015' or later.
modules/route-simulation-controller.js(172,20): error TS2583: Cannot find name 'Map'. Do you need to change your target library? Try changing the 'lib' compiler option to 'es2015' or later.
modules/route-simulation-controller.js(270,14): error TS2339: Property 'position' does not exist on type 'Group'.
modules/route-simulation-controller.js(290,18): error TS2339: Property 'position' does not exist on type 'Mesh'.
modules/route-simulation-controller.js(291,23): error TS2339: Property 'position' does not exist on type 'Mesh'.
modules/route-simulation-controller.js(367,18): error TS2705: An async function or method in ES5 requires the 'Promise' constructor.  Make sure you have a declaration for the 'Promise' constructor or include 'ES2015' in your '--lib' option.
modules/route-simulation-controller.js(372,66): error TS2585: 'Promise' only refers to a type, but is being used as a value here. Do you need to change your target library? Try changing the 'lib' compiler option to es2015 or later.
modules/route-simulation-controller.js(383,40): error TS2583: Cannot find name 'Map'. Do you need to change your target library? Try changing the 'lib' compiler option to 'es2015' or later.
modules/route-simulation-controller.js(384,40): error TS2583: Cannot find name 'Map'. Do you need to change your target library? Try changing the 'lib' compiler option to 'es2015' or later.
modules/route-simulation-controller.js(385,45): error TS2583: Cannot find name 'Map'. Do you need to change your target library? Try changing the 'lib' compiler option to 'es2015' or later.
modules/route-simulation-controller.js(386,36): error TS2583: Cannot find name 'Map'. Do you need to change your target library? Try changing the 'lib' compiler option to 'es2015' or later.
modules/scene-setup.js(306,5): error TS2345: Argument of type 'MeshStandardMaterial[]' is not assignable to parameter of type 'MeshBasicMaterial'.
  Type 'MeshStandardMaterial[]' is missing the following properties from type 'MeshBasicMaterial': isMeshBasicMaterial, type, color, lightMap, and 77 more.
modules/scene-setup.js(391,5): error TS2345: Argument of type '(MeshBasicMaterial | ShaderMaterial)[]' is not assignable to parameter of type 'MeshBasicMaterial'.
  Type '(MeshBasicMaterial | ShaderMaterial)[]' is missing the following properties from type 'MeshBasicMaterial': isMeshBasicMaterial, type, color, lightMap, and 77 more.
modules/scene-setup.js(393,19): error TS2339: Property 'position' does not exist on type 'Mesh'.
modules/scene-setup.js(406,22): error TS2339: Property 'rotation' does not exist on type 'Mesh'.
modules/scene-setup.js(407,22): error TS2339: Property 'position' does not exist on type 'Mesh'.
modules/scene-setup.js(420,22): error TS2339: Property 'rotation' does not exist on type 'Mesh'.
modules/scene-setup.js(421,22): error TS2339: Property 'position' does not exist on type 'Mesh'.
modules/scene-setup.js(502,5): error TS2345: Argument of type 'MeshStandardMaterial' is not assignable to parameter of type 'MeshBasicMaterial'.
  Type 'MeshStandardMaterial' is missing the following properties from type 'MeshBasicMaterial': isMeshBasicMaterial, specularMap, combine, reflectivity, refractionRatio
modules/scene-setup.js(504,16): error TS2339: Property 'position' does not exist on type 'Mesh'.
modules/scene-setup.js(509,5): error TS2345: Argument of type 'MeshStandardMaterial' is not assignable to parameter of type 'MeshBasicMaterial'.
  Type 'MeshStandardMaterial' is missing the following properties from type 'MeshBasicMaterial': isMeshBasicMaterial, specularMap, combine, reflectivity, refractionRatio
modules/scene-setup.js(511,16): error TS2339: Property 'position' does not exist on type 'Mesh'.
modules/scene-setup.js(516,5): error TS2345: Argument of type 'MeshStandardMaterial' is not assignable to parameter of type 'MeshBasicMaterial'.
  Type 'MeshStandardMaterial' is missing the following properties from type 'MeshBasicMaterial': isMeshBasicMaterial, specularMap, combine, reflectivity, refractionRatio
modules/scene-setup.js(518,13): error TS2339: Property 'rotation' does not exist on type 'Mesh'.
modules/scene-setup.js(519,13): error TS2339: Property 'position' does not exist on type 'Mesh'.
modules/scene-setup.js(524,5): error TS2345: Argument of type 'MeshStandardMaterial' is not assignable to parameter of type 'MeshBasicMaterial'.
  Type 'MeshStandardMaterial' is missing the following properties from type 'MeshBasicMaterial': isMeshBasicMaterial, specularMap, combine, reflectivity, refractionRatio
modules/scene-setup.js(531,16): error TS2339: Property 'rotation' does not exist on type 'Mesh'.
modules/scene-setup.js(532,16): error TS2339: Property 'position' does not exist on type 'Mesh'.
modules/scene-setup.js(537,5): error TS2345: Argument of type 'MeshStandardMaterial' is not assignable to parameter of type 'MeshBasicMaterial'.
  Type 'MeshStandardMaterial' is missing the following properties from type 'MeshBasicMaterial': isMeshBasicMaterial, specularMap, combine, reflectivity, refractionRatio
modules/scene-setup.js(545,12): error TS2339: Property 'rotation' does not exist on type 'Mesh'.
modules/scene-setup.js(546,12): error TS2339: Property 'position' does not exist on type 'Mesh'.
modules/scene-setup.js(758,5): error TS2345: Argument of type 'MeshPhysicalMaterial' is not assignable to parameter of type 'MeshBasicMaterial'.
  Type 'MeshPhysicalMaterial' is missing the following properties from type 'MeshBasicMaterial': isMeshBasicMaterial, specularMap, combine, reflectivity, refractionRatio
modules/scene-setup.js(771,8): error TS2339: Property 'scale' does not exist on type 'Mesh'.
modules/scene-setup.js(772,8): error TS2339: Property 'position' does not exist on type 'Mesh'.
modules/scene-setup.js(777,5): error TS2345: Argument of type 'MeshStandardMaterial' is not assignable to parameter of type 'MeshBasicMaterial'.
  Type 'MeshStandardMaterial' is missing the following properties from type 'MeshBasicMaterial': isMeshBasicMaterial, specularMap, combine, reflectivity, refractionRatio
modules/scene-setup.js(785,12): error TS2339: Property 'rotation' does not exist on type 'Mesh'.
modules/scene-setup.js(786,12): error TS2339: Property 'position' does not exist on type 'Mesh'.
modules/scene-setup.js(828,15): error TS2339: Property 'scale' does not exist on type 'Sprite'.
modules/scene-setup.js(843,15): error TS2339: Property 'scale' does not exist on type 'Sprite'.
modules/scene-setup.js(847,11): error TS2339: Property 'position' does not exist on type 'Group'.
modules/scene-setup.js(862,8): error TS2339: Property 'rotation' does not exist on type 'Mesh'.
modules/scene-setup.js(863,8): error TS2339: Property 'position' does not exist on type 'Mesh'.
modules/scene-setup.js(869,5): error TS2345: Argument of type 'MeshStandardMaterial' is not assignable to parameter of type 'MeshBasicMaterial'.
  Type 'MeshStandardMaterial' is missing the following properties from type 'MeshBasicMaterial': isMeshBasicMaterial, specularMap, combine, reflectivity, refractionRatio
modules/scene-setup.js(877,14): error TS2339: Property 'position' does not exist on type 'Mesh'.
modules/scene-setup.js(882,5): error TS2345: Argument of type 'MeshStandardMaterial' is not assignable to parameter of type 'MeshBasicMaterial'.
  Type 'MeshStandardMaterial' is missing the following properties from type 'MeshBasicMaterial': isMeshBasicMaterial, specularMap, combine, reflectivity, refractionRatio
modules/scene-setup.js(890,17): error TS2339: Property 'rotation' does not exist on type 'Mesh'.
modules/scene-setup.js(891,17): error TS2339: Property 'position' does not exist on type 'Mesh'.
modules/scene-setup.js(904,14): error TS2339: Property 'rotation' does not exist on type 'Mesh'.
modules/scene-setup.js(905,14): error TS2339: Property 'position' does not exist on type 'Mesh'.
modules/scene-setup.js(941,12): error TS2339: Property 'position' does not exist on type 'DirectionalLight'.
modules/scene-setup.js(945,12): error TS2339: Property 'position' does not exist on type 'DirectionalLight'.
modules/scene-setup.js(952,23): error TS2339: Property 'position' does not exist on type 'DirectionalLight'.
modules/scene-setup.js(956,23): error TS2339: Property 'position' does not exist on type 'DirectionalLight'.
modules/scene-setup.js(962,5): error TS2345: Argument of type 'MeshStandardMaterial' is not assignable to parameter of type 'MeshBasicMaterial'.
  Type 'MeshStandardMaterial' is missing the following properties from type 'MeshBasicMaterial': isMeshBasicMaterial, specularMap, combine, reflectivity, refractionRatio
modules/scene-setup.js(1183,12): error TS2339: Property 'scale' does not exist on type 'Sprite'.
modules/scene-setup.js(1201,12): error TS2339: Property 'scale' does not exist on type 'Sprite'.
modules/scene-setup.js(1273,10): error TS2339: Property 'rotation' does not exist on type 'Mesh'.
modules/scene-setup.js(1293,5): error TS2345: Argument of type 'MeshStandardMaterial' is not assignable to parameter of type 'MeshBasicMaterial'.
  Type 'MeshStandardMaterial' is missing the following properties from type 'MeshBasicMaterial': isMeshBasicMaterial, specularMap, combine, reflectivity, refractionRatio
modules/scene-setup.js(1475,7): error TS2345: Argument of type 'MeshStandardMaterial' is not assignable to parameter of type 'MeshBasicMaterial'.
  Type 'MeshStandardMaterial' is missing the following properties from type 'MeshBasicMaterial': isMeshBasicMaterial, specularMap, combine, reflectivity, refractionRatio
modules/scene-setup.js(1485,11): error TS2339: Property 'rotation' does not exist on type 'Mesh'.
modules/scene-setup.js(1486,11): error TS2339: Property 'position' does not exist on type 'Mesh'.
modules/scene-setup.js(1494,11): error TS2345: Argument of type 'MeshStandardMaterial' is not assignable to parameter of type 'MeshBasicMaterial'.
  Type 'MeshStandardMaterial' is missing the following properties from type 'MeshBasicMaterial': isMeshBasicMaterial, specularMap, combine, reflectivity, refractionRatio
modules/scene-setup.js(1506,11): error TS2345: Argument of type 'MeshStandardMaterial' is not assignable to parameter of type 'MeshBasicMaterial'.
  Type 'MeshStandardMaterial' is missing the following properties from type 'MeshBasicMaterial': isMeshBasicMaterial, specularMap, combine, reflectivity, refractionRatio
modules/scene-setup.js(1518,15): error TS2339: Property 'position' does not exist on type 'Mesh'.
modules/scene-setup.js(1519,16): error TS2339: Property 'position' does not exist on type 'Mesh'.
modules/solar-eclipse-controller.js(2,41): error TS2307: Cannot find module './astronomy-utils.js?v=20260314-natural-eclipse2' or its corresponding type declarations.
modules/solar-eclipse-controller.js(163,51): error TS2550: Property 'hypot' does not exist on type 'Math'. Do you need to change your target library? Try changing the 'lib' compiler option to 'es2015' or later.
modules/solar-eclipse-controller.js(586,12): error TS2304: Cannot find name 'getGeoFromProjectedPosition'.
modules/solar-eclipse-controller.js(586,59): error TS2304: Cannot find name 'DISC_RADIUS'.
modules/solar-eclipse-controller.js(587,13): error TS2304: Cannot find name 'getGeoFromProjectedPosition'.
modules/solar-eclipse-controller.js(587,41): error TS2304: Cannot find name 'orbitMoon'.
modules/solar-eclipse-controller.js(587,61): error TS2304: Cannot find name 'DISC_RADIUS'.
modules/solar-eclipse-controller.js(589,18): error TS2304: Cannot find name 'getMoonPhase'.
modules/solar-eclipse-controller.js(596,21): error TS2304: Cannot find name 'orbitMoon'.
modules/solar-eclipse-controller.js(597,27): error TS2304: Cannot find name 'orbitMoon'.
modules/solar-eclipse-controller.js(608,10): error TS2304: Cannot find name 'solarEclipseToastTitleEl'.
modules/solar-eclipse-controller.js(608,39): error TS2304: Cannot find name 'solarEclipseToastCopyEl'.
modules/solar-eclipse-controller.js(612,5): error TS2304: Cannot find name 'solarEclipseToastTitleEl'.
modules/solar-eclipse-controller.js(613,5): error TS2304: Cannot find name 'solarEclipseToastCopyEl'.
modules/solar-eclipse-controller.js(619,10): error TS2304: Cannot find name 'solarEclipseToastEl'.
modules/solar-eclipse-controller.js(623,5): error TS2304: Cannot find name 'solarEclipseToastEl'.
modules/solar-eclipse-controller.js(624,5): error TS2304: Cannot find name 'solarEclipseToastEl'.
modules/solar-eclipse-controller.js(656,35): error TS2304: Cannot find name 'ORBIT_SUN_SPEED'.
modules/solar-eclipse-controller.js(657,34): error TS2304: Cannot find name 'getBodyBandProgressStep'.
modules/solar-eclipse-controller.js(713,14): error TS2550: Property 'isFinite' does not exist on type 'NumberConstructor'. Do you need to change your target library? Try changing the 'lib' compiler option to 'es2015' or later.
modules/solar-eclipse-controller.js(805,16): error TS2550: Property 'isFinite' does not exist on type 'NumberConstructor'. Do you need to change your target library? Try changing the 'lib' compiler option to 'es2015' or later.
modules/solar-eclipse-controller.js(809,34): error TS2550: Property 'isFinite' does not exist on type 'NumberConstructor'. Do you need to change your target library? Try changing the 'lib' compiler option to 'es2015' or later.
modules/solar-eclipse-controller.js(845,5): error TS2304: Cannot find name 'sunFullTrail'.
modules/solar-eclipse-controller.js(846,5): error TS2304: Cannot find name 'sunFullTrailPointsCloud'.
modules/solar-eclipse-controller.js(847,5): error TS2304: Cannot find name 'moonFullTrail'.
modules/solar-eclipse-controller.js(848,5): error TS2304: Cannot find name 'moonFullTrailPointsCloud'.
modules/solar-eclipse-controller.js(852,5): error TS2304: Cannot find name 'applyStaticTranslations'.
modules/solar-eclipse-controller.js(854,5): error TS2304: Cannot find name 'syncSeasonalEventButtonLabels'.
modules/solar-eclipse-controller.js(856,5): error TS2304: Cannot find name 'textureApi'.
modules/solar-eclipse-controller.js(858,5): error TS2304: Cannot find name 'magneticFieldApi'.
modules/solar-eclipse-controller.js(859,5): error TS2304: Cannot find name 'walkerApi'.
modules/solar-eclipse-controller.js(860,5): error TS2304: Cannot find name 'routeSimulationApi'.
modules/solar-eclipse-controller.js(861,5): error TS2304: Cannot find name 'syncPreparationPresentation'.
modules/solar-eclipse-controller.js(924,17): error TS2550: Property 'isFinite' does not exist on type 'NumberConstructor'. Do you need to change your target library? Try changing the 'lib' compiler option to 'es2015' or later.
modules/solar-eclipse-controller.js(939,25): error TS2550: Property 'hypot' does not exist on type 'Math'. Do you need to change your target library? Try changing the 'lib' compiler option to 'es2015' or later.
modules/solar-eclipse-controller.js(994,60): error TS2550: Property 'includes' does not exist on type 'string[]'. Do you need to change your target library? Try changing the 'lib' compiler option to 'es2016' or later.
modules/solar-eclipse-controller.js(1132,43): error TS2304: Cannot find name 'observerSunBody'.
modules/solar-eclipse-controller.js(1133,47): error TS2304: Cannot find name 'observerDarkSunBody'.
modules/solar-eclipse-controller.js(1150,5): error TS2304: Cannot find name 'renderer'.
modules/solar-eclipse-controller.js(1162,7): error TS2304: Cannot find name 'observerDarkSunBody'.
modules/solar-eclipse-controller.js(1163,7): error TS2304: Cannot find name 'observerDarkSunRim'.
modules/solar-eclipse-controller.js(1193,7): error TS2304: Cannot find name 'observerSunBody'.
modules/solar-eclipse-controller.js(1331,42): error TS2550: Property 'sign' does not exist on type 'Math'. Do you need to change your target library? Try changing the 'lib' compiler option to 'es2015' or later.
modules/solar-eclipse-controller.js(1434,5): error TS2304: Cannot find name 'renderer'.
modules/solar-eclipse-controller.js(1503,81): error TS2550: Property 'includes' does not exist on type 'string[]'. Do you need to change your target library? Try changing the 'lib' compiler option to 'es2016' or later.
modules/solar-eclipse-controller.js(1521,14): error TS2550: Property 'isFinite' does not exist on type 'NumberConstructor'. Do you need to change your target library? Try changing the 'lib' compiler option to 'es2015' or later.
modules/solar-eclipse-controller.js(1636,28): error TS2550: Property 'isFinite' does not exist on type 'NumberConstructor'. Do you need to change your target library? Try changing the 'lib' compiler option to 'es2015' or later.
modules/solar-eclipse-controller.js(1637,27): error TS2550: Property 'isFinite' does not exist on type 'NumberConstructor'. Do you need to change your target library? Try changing the 'lib' compiler option to 'es2015' or later.
modules/solar-eclipse-controller.js(1657,5): error TS2304: Cannot find name 'renderer'.
modules/solar-eclipse-controller.js(1662,33): error TS2550: Property 'hypot' does not exist on type 'Math'. Do you need to change your target library? Try changing the 'lib' compiler option to 'es2015' or later.
modules/solar-eclipse-controller.js(1665,35): error TS2550: Property 'hypot' does not exist on type 'Math'. Do you need to change your target library? Try changing the 'lib' compiler option to 'es2015' or later.
modules/solar-eclipse-controller.js(1694,21): error TS2304: Cannot find name 'magneticFieldApi'.
modules/solar-eclipse-controller.js(1711,33): error TS2550: Property 'isFinite' does not exist on type 'NumberConstructor'. Do you need to change your target library? Try changing the 'lib' compiler option to 'es2015' or later.
modules/solar-eclipse-controller.js(1712,37): error TS2550: Property 'isFinite' does not exist on type 'NumberConstructor'. Do you need to change your target library? Try changing the 'lib' compiler option to 'es2015' or later.
modules/solar-eclipse-controller.js(1713,33): error TS2550: Property 'isFinite' does not exist on type 'NumberConstructor'. Do you need to change your target library? Try changing the 'lib' compiler option to 'es2015' or later.
modules/solar-eclipse-controller.js(1714,37): error TS2550: Property 'isFinite' does not exist on type 'NumberConstructor'. Do you need to change your target library? Try changing the 'lib' compiler option to 'es2015' or later.
modules/solar-eclipse-controller.js(1793,31): error TS2550: Property 'includes' does not exist on type 'string[]'. Do you need to change your target library? Try changing the 'lib' compiler option to 'es2016' or later.
modules/solar-eclipse-controller.js(1814,49): error TS2550: Property 'includes' does not exist on type 'string[]'. Do you need to change your target library? Try changing the 'lib' compiler option to 'es2016' or later.
modules/solar-eclipse-controller.js(1872,51): error TS2550: Property 'includes' does not exist on type 'string[]'. Do you need to change your target library? Try changing the 'lib' compiler option to 'es2016' or later.
modules/solar-eclipse-controller.js(1923,68): error TS2550: Property 'includes' does not exist on type 'string[]'. Do you need to change your target library? Try changing the 'lib' compiler option to 'es2016' or later.
modules/solar-eclipse-controller.js(2001,9): error TS2304: Cannot find name 'ORBIT_DARK_SUN_RIM_OPACITY'.
modules/solar-eclipse-controller.js(2002,9): error TS2304: Cannot find name 'ORBIT_DARK_SUN_RIM_OPACITY'.
modules/solar-eclipse-controller.js(2026,9): error TS2304: Cannot find name 'ORBIT_DARK_SUN_RIM_OPACITY'.
modules/solar-eclipse-controller.js(2027,9): error TS2304: Cannot find name 'ORBIT_DARK_SUN_RIM_OPACITY'.
modules/solar-eclipse-controller.js(2046,35): error TS2304: Cannot find name 'ORBIT_DARK_SUN_RIM_OPACITY'.
modules/solar-eclipse-controller.js(2073,9): error TS2304: Cannot find name 'ORBIT_DARK_SUN_DEBUG_OPACITY'.
modules/solar-eclipse-controller.js(2076,9): error TS2304: Cannot find name 'ORBIT_DARK_SUN_DEBUG_RIM_OPACITY'.
modules/solar-eclipse-controller.js(2081,59): error TS2304: Cannot find name 'ORBIT_DARK_SUN_DEBUG_COLOR'.
modules/solar-eclipse-controller.js(2081,88): error TS2304: Cannot find name 'ORBIT_DARK_SUN_BODY_COLOR'.
modules/solar-eclipse-controller.js(2082,5): error TS2304: Cannot find name 'observerDarkSunBody'.
modules/solar-eclipse-controller.js(2082,62): error TS2304: Cannot find name 'ORBIT_DARK_SUN_DEBUG_COLOR'.
modules/solar-eclipse-controller.js(2082,91): error TS2304: Cannot find name 'ORBIT_DARK_SUN_BODY_COLOR'.
modules/solar-eclipse-controller.js(2083,58): error TS2304: Cannot find name 'ORBIT_DARK_SUN_DEBUG_RIM_COLOR'.
modules/solar-eclipse-controller.js(2083,91): error TS2304: Cannot find name 'ORBIT_DARK_SUN_RIM_COLOR'.
modules/solar-eclipse-controller.js(2084,5): error TS2304: Cannot find name 'observerDarkSunRim'.
modules/solar-eclipse-controller.js(2084,61): error TS2304: Cannot find name 'ORBIT_DARK_SUN_DEBUG_RIM_COLOR'.
modules/solar-eclipse-controller.js(2084,94): error TS2304: Cannot find name 'ORBIT_DARK_SUN_RIM_COLOR'.
modules/solar-eclipse-controller.js(2086,5): error TS2304: Cannot find name 'observerDarkSunBody'.
modules/solar-eclipse-controller.js(2088,5): error TS2304: Cannot find name 'observerDarkSunRim'.
modules/solar-eclipse-controller.js(2097,7): error TS2304: Cannot find name 'observerSunBody'.
modules/solar-eclipse-controller.js(2121,43): error TS2304: Cannot find name 'observerSunBody'.
modules/solar-eclipse-controller.js(2122,47): error TS2304: Cannot find name 'observerDarkSunBody'.
modules/solar-eclipse-controller.js(2138,5): error TS2304: Cannot find name 'renderer'.
modules/solar-eclipse-controller.js(2248,12): error TS2550: Property 'assign' does not exist on type 'ObjectConstructor'. Do you need to change your target library? Try changing the 'lib' compiler option to 'es2015' or later.
modules/solar-eclipse-controller.js(2295,5): error TS2304: Cannot find name 'renderer'.
modules/solar-eclipse-controller.js(2453,22): error TS2304: Cannot find name 'getBodyBandProgressStep'.
modules/solar-eclipse-controller.js(2470,27): error TS2304: Cannot find name 'ORBIT_SUN_SPEED'.
modules/solar-eclipse-controller.js(2596,7): error TS2304: Cannot find name 'ORBIT_SUN_SPEED'.
modules/solar-eclipse-controller.js(2691,9): error TS2304: Cannot find name 'ORBIT_SUN_SPEED'.
modules/solar-eclipse-controller.js(2765,12): error TS2550: Property 'assign' does not exist on type 'ObjectConstructor'. Do you need to change your target library? Try changing the 'lib' compiler option to 'es2015' or later.
modules/solar-eclipse-controller.js(2780,7): error TS2304: Cannot find name 'exitFirstPersonMode'.
modules/solar-eclipse-controller.js(2784,7): error TS2304: Cannot find name 'realitySyncEl'.
modules/solar-eclipse-controller.js(2785,7): error TS2304: Cannot find name 'realityLiveEl'.
modules/solar-eclipse-controller.js(2801,39): error TS2550: Property 'isFinite' does not exist on type 'NumberConstructor'. Do you need to change your target library? Try changing the 'lib' compiler option to 'es2015' or later.
modules/solar-eclipse-controller.js(2804,29): error TS2304: Cannot find name 'ORBIT_DARK_SUN_SPEED'.
modules/solar-eclipse-controller.js(2804,61): error TS2304: Cannot find name 'ORBIT_SUN_SPEED'.
modules/solar-eclipse-controller.js(2862,43): error TS2550: Property 'isFinite' does not exist on type 'NumberConstructor'. Do you need to change your target library? Try changing the 'lib' compiler option to 'es2015' or later.
modules/solar-eclipse-controller.js(2870,5): error TS2304: Cannot find name 'setDemoMoonOrbitOffsetFromPhase'.
modules/solar-eclipse-controller.js(2874,5): error TS2304: Cannot find name 'syncDemoMoonOrbitToSun'.
modules/solar-eclipse-controller.js(2914,5): error TS2304: Cannot find name 'updateSunVisualEffects'.
vendor/three.module.js(440,11): error TS2550: Property 'imul' does not exist on type 'Math'. Do you need to change your target library? Try changing the 'lib' compiler option to 'es2015' or later.
vendor/three.module.js(442,16): error TS2550: Property 'imul' does not exist on type 'Math'. Do you need to change your target library? Try changing the 'lib' compiler option to 'es2015' or later.
vendor/three.module.js(645,21): error TS2339: Property 'isVector2' does not exist on type 'Vector2'.
vendor/three.module.js(738,14): error TS2351: This expression is not constructable.
  Type 'Function' has no construct signatures.
vendor/three.module.js(934,17): error TS2550: Property 'trunc' does not exist on type 'Math'. Do you need to change your target library? Try changing the 'lib' compiler option to 'es2015' or later.
vendor/three.module.js(935,17): error TS2550: Property 'trunc' does not exist on type 'Math'. Do you need to change your target library? Try changing the 'lib' compiler option to 'es2015' or later.
vendor/three.module.js(1109,5): error TS2585: 'Symbol' only refers to a type, but is being used as a value here. Do you need to change your target library? Try changing the 'lib' compiler option to es2015 or later.
vendor/three.module.js(1122,21): error TS2339: Property 'isMatrix3' does not exist on type 'Matrix3'.
vendor/three.module.js(1497,14): error TS2351: This expression is not constructable.
  Type 'Function' has no construct signatures.
vendor/three.module.js(1618,44): error TS2583: Cannot find name 'Set'. Do you need to change your target library? Try changing the 'lib' compiler option to 'es2015' or later.
vendor/three.module.js(1769,11): error TS2339: Property 'width' does not exist on type 'HTMLElement'.
vendor/three.module.js(1770,11): error TS2339: Property 'height' does not exist on type 'HTMLElement'.
vendor/three.module.js(1772,27): error TS2339: Property 'getContext' does not exist on type 'HTMLElement'.
vendor/three.module.js(1932,17): error TS2550: Property 'from' does not exist on type 'ArrayConstructor'. Do you need to change your target library? Try changing the 'lib' compiler option to 'es2015' or later.
vendor/three.module.js(2014,6): error TS1052: A 'set' accessor parameter cannot have an initializer.
vendor/three.module.js(2028,14): error TS2351: This expression is not constructable.
  Type 'Function' has no construct signatures.
vendor/three.module.js(2245,21): error TS2339: Property 'isVector4' does not exist on type 'Vector4'.
vendor/three.module.js(2364,14): error TS2351: This expression is not constructable.
  Type 'Function' has no construct signatures.
vendor/three.module.js(2745,17): error TS2550: Property 'trunc' does not exist on type 'Math'. Do you need to change your target library? Try changing the 'lib' compiler option to 'es2015' or later.
vendor/three.module.js(2746,17): error TS2550: Property 'trunc' does not exist on type 'Math'. Do you need to change your target library? Try changing the 'lib' compiler option to 'es2015' or later.
vendor/three.module.js(2747,17): error TS2550: Property 'trunc' does not exist on type 'Math'. Do you need to change your target library? Try changing the 'lib' compiler option to 'es2015' or later.
vendor/three.module.js(2748,17): error TS2550: Property 'trunc' does not exist on type 'Math'. Do you need to change your target library? Try changing the 'lib' compiler option to 'es2015' or later.
vendor/three.module.js(2873,5): error TS2585: 'Symbol' only refers to a type, but is being used as a value here. Do you need to change your target library? Try changing the 'lib' compiler option to es2015 or later.
vendor/three.module.js(2908,20): error TS2550: Property 'assign' does not exist on type 'ObjectConstructor'. Do you need to change your target library? Try changing the 'lib' compiler option to 'es2015' or later.
vendor/three.module.js(2983,14): error TS2351: This expression is not constructable.
  Type 'Function' has no construct signatures.
vendor/three.module.js(3009,24): error TS2550: Property 'assign' does not exist on type 'ObjectConstructor'. Do you need to change your target library? Try changing the 'lib' compiler option to 'es2015' or later.
vendor/three.module.js(3188,25): error TS2339: Property 'EPSILON' does not exist on type 'NumberConstructor'.
vendor/three.module.js(3314,14): error TS2351: This expression is not constructable.
  Type 'Function' has no construct signatures.
vendor/three.module.js(3488,19): error TS2339: Property 'EPSILON' does not exist on type 'NumberConstructor'.
vendor/three.module.js(3686,34): error TS2339: Property 'EPSILON' does not exist on type 'NumberConstructor'.
vendor/three.module.js(3805,5): error TS2585: 'Symbol' only refers to a type, but is being used as a value here. Do you need to change your target library? Try changing the 'lib' compiler option to es2015 or later.
vendor/three.module.js(3820,21): error TS2339: Property 'isVector3' does not exist on type 'Vector3'.
vendor/three.module.js(3904,14): error TS2351: This expression is not constructable.
  Type 'Function' has no construct signatures.
vendor/three.module.js(4211,17): error TS2550: Property 'trunc' does not exist on type 'Math'. Do you need to change your target library? Try changing the 'lib' compiler option to 'es2015' or later.
vendor/three.module.js(4212,17): error TS2550: Property 'trunc' does not exist on type 'Math'. Do you need to change your target library? Try changing the 'lib' compiler option to 'es2015' or later.
vendor/three.module.js(4213,17): error TS2550: Property 'trunc' does not exist on type 'Math'. Do you need to change your target library? Try changing the 'lib' compiler option to 'es2015' or later.
vendor/three.module.js(4523,5): error TS2585: 'Symbol' only refers to a type, but is being used as a value here. Do you need to change your target library? Try changing the 'lib' compiler option to es2015 or later.
vendor/three.module.js(4619,14): error TS2351: This expression is not constructable.
  Type 'Function' has no construct signatures.
vendor/three.module.js(5302,14): error TS2351: This expression is not constructable.
  Type 'Function' has no construct signatures.
vendor/three.module.js(5792,14): error TS2351: This expression is not constructable.
  Type 'Function' has no construct signatures.
vendor/three.module.js(5802,21): error TS2339: Property 'isMatrix4' does not exist on type 'Matrix4'.
vendor/three.module.js(6792,14): error TS2351: This expression is not constructable.
  Type 'Function' has no construct signatures.
vendor/three.module.js(7006,5): error TS2585: 'Symbol' only refers to a type, but is being used as a value here. Do you need to change your target library? Try changing the 'lib' compiler option to es2015 or later.
vendor/three.module.js(7204,31): error TS2339: Property 'position' does not exist on type 'Object3D'.
vendor/three.module.js(7204,46): error TS2339: Property 'quaternion' does not exist on type 'Object3D'.
vendor/three.module.js(7204,63): error TS2339: Property 'scale' does not exist on type 'Object3D'.
vendor/three.module.js(7210,8): error TS2339: Property 'quaternion' does not exist on type 'Object3D'.
vendor/three.module.js(7220,8): error TS2339: Property 'quaternion' does not exist on type 'Object3D'.
vendor/three.module.js(7226,8): error TS2339: Property 'quaternion' does not exist on type 'Object3D'.
vendor/three.module.js(7234,8): error TS2339: Property 'quaternion' does not exist on type 'Object3D'.
vendor/three.module.js(7242,8): error TS2339: Property 'quaternion' does not exist on type 'Object3D'.
vendor/three.module.js(7253,8): error TS2339: Property 'quaternion' does not exist on type 'Object3D'.
vendor/three.module.js(7267,8): error TS2339: Property 'quaternion' does not exist on type 'Object3D'.
vendor/three.module.js(7296,44): error TS2339: Property 'quaternion' does not exist on type 'Object3D'.
vendor/three.module.js(7298,8): error TS2339: Property 'position' does not exist on type 'Object3D'.
vendor/three.module.js(7358,13): error TS2339: Property 'isCamera' does not exist on type 'Object3D'.
vendor/three.module.js(7358,30): error TS2339: Property 'isLight' does not exist on type 'Object3D'.
vendor/three.module.js(7368,8): error TS2339: Property 'quaternion' does not exist on type 'Object3D'.
vendor/three.module.js(7374,9): error TS2339: Property 'quaternion' does not exist on type 'Object3D'.
vendor/three.module.js(7644,29): error TS2339: Property 'position' does not exist on type 'Object3D'.
vendor/three.module.js(7644,44): error TS2339: Property 'quaternion' does not exist on type 'Object3D'.
vendor/three.module.js(7644,61): error TS2339: Property 'scale' does not exist on type 'Object3D'.
vendor/three.module.js(7789,13): error TS2339: Property 'isInstancedMesh' does not exist on type 'Object3D'.
vendor/three.module.js(7792,24): error TS2339: Property 'count' does not exist on type 'Object3D'.
vendor/three.module.js(7793,33): error TS2339: Property 'instanceMatrix' does not exist on type 'Object3D'.
vendor/three.module.js(7794,14): error TS2339: Property 'instanceColor' does not exist on type 'Object3D'.
vendor/three.module.js(7794,67): error TS2339: Property 'instanceColor' does not exist on type 'Object3D'.
vendor/three.module.js(7798,13): error TS2339: Property 'isBatchedMesh' does not exist on type 'Object3D'.
vendor/three.module.js(7801,41): error TS2339: Property 'perObjectFrustumCulled' does not exist on type 'Object3D'.
vendor/three.module.js(7802,30): error TS2339: Property 'sortObjects' does not exist on type 'Object3D'.
vendor/three.module.js(7804,29): error TS2339: Property '_drawRanges' does not exist on type 'Object3D'.
vendor/three.module.js(7805,33): error TS2339: Property '_reservedRanges' does not exist on type 'Object3D'.
vendor/three.module.js(7807,29): error TS2339: Property '_visibility' does not exist on type 'Object3D'.
vendor/three.module.js(7808,25): error TS2339: Property '_active' does not exist on type 'Object3D'.
vendor/three.module.js(7809,25): error TS2339: Property '_bounds' does not exist on type 'Object3D'.
vendor/three.module.js(7819,35): error TS2339: Property '_maxGeometryCount' does not exist on type 'Object3D'.
vendor/three.module.js(7820,33): error TS2339: Property '_maxVertexCount' does not exist on type 'Object3D'.
vendor/three.module.js(7821,32): error TS2339: Property '_maxIndexCount' does not exist on type 'Object3D'.
vendor/three.module.js(7823,38): error TS2339: Property '_geometryInitialized' does not exist on type 'Object3D'.
vendor/three.module.js(7824,32): error TS2339: Property '_geometryCount' does not exist on type 'Object3D'.
vendor/three.module.js(7826,34): error TS2339: Property '_matricesTexture' does not exist on type 'Object3D'.
vendor/three.module.js(7828,14): error TS2339: Property 'boundingSphere' does not exist on type 'Object3D'.
vendor/three.module.js(7837,14): error TS2339: Property 'boundingBox' does not exist on type 'Object3D'.
vendor/three.module.js(7862,13): error TS2339: Property 'isScene' does not exist on type 'Object3D'.
vendor/three.module.js(7864,14): error TS2339: Property 'background' does not exist on type 'Object3D'.
vendor/three.module.js(7866,15): error TS2339: Property 'background' does not exist on type 'Object3D'.
vendor/three.module.js(7868,31): error TS2339: Property 'background' does not exist on type 'Object3D'.
vendor/three.module.js(7870,22): error TS2339: Property 'background' does not exist on type 'Object3D'.
vendor/three.module.js(7872,31): error TS2339: Property 'background' does not exist on type 'Object3D'.
vendor/three.module.js(7878,14): error TS2339: Property 'environment' does not exist on type 'Object3D'.
vendor/three.module.js(7878,34): error TS2339: Property 'environment' does not exist on type 'Object3D'.
vendor/three.module.js(7878,64): error TS2339: Property 'environment' does not exist on type 'Object3D'.
vendor/three.module.js(7880,31): error TS2339: Property 'environment' does not exist on type 'Object3D'.
vendor/three.module.js(7884,20): error TS2339: Property 'isMesh' does not exist on type 'Object3D'.
vendor/three.module.js(7884,35): error TS2339: Property 'isLine' does not exist on type 'Object3D'.
vendor/three.module.js(7884,50): error TS2339: Property 'isPoints' does not exist on type 'Object3D'.
vendor/three.module.js(7886,55): error TS2339: Property 'geometry' does not exist on type 'Object3D'.
vendor/three.module.js(7888,28): error TS2339: Property 'geometry' does not exist on type 'Object3D'.
vendor/three.module.js(7914,13): error TS2339: Property 'isSkinnedMesh' does not exist on type 'Object3D'.
vendor/three.module.js(7916,27): error TS2339: Property 'bindMode' does not exist on type 'Object3D'.
vendor/three.module.js(7917,29): error TS2339: Property 'bindMatrix' does not exist on type 'Object3D'.
vendor/three.module.js(7919,14): error TS2339: Property 'skeleton' does not exist on type 'Object3D'.
vendor/three.module.js(7921,37): error TS2339: Property 'skeleton' does not exist on type 'Object3D'.
vendor/three.module.js(7923,28): error TS2339: Property 'skeleton' does not exist on type 'Object3D'.
vendor/three.module.js(7929,13): error TS2339: Property 'material' does not exist on type 'Object3D'.
vendor/three.module.js(7931,29): error TS2339: Property 'material' does not exist on type 'Object3D'.
vendor/three.module.js(7935,31): error TS2339: Property 'material' does not exist on type 'Object3D'.
vendor/three.module.js(7937,50): error TS2339: Property 'material' does not exist on type 'Object3D'.
vendor/three.module.js(7945,55): error TS2339: Property 'material' does not exist on type 'Object3D'.
vendor/three.module.js(8029,14): error TS2351: This expression is not constructable.
  Type 'Function' has no construct signatures.
vendor/three.module.js(8039,8): error TS2339: Property 'position' does not exist on type 'Object3D'.
vendor/three.module.js(8040,8): error TS2339: Property 'rotation' does not exist on type 'Object3D'.
vendor/three.module.js(8041,8): error TS2339: Property 'quaternion' does not exist on type 'Object3D'.
vendor/three.module.js(8042,8): error TS2339: Property 'scale' does not exist on type 'Object3D'.
vendor/three.module.js(8234,14): error TS2351: This expression is not constructable.
  Type 'Function' has no construct signatures.
vendor/three.module.js(8692,14): error TS2351: This expression is not constructable.
  Type 'Function' has no construct signatures.
vendor/three.module.js(8998,5): error TS2585: 'Symbol' only refers to a type, but is being used as a value here. Do you need to change your target library? Try changing the 'lib' compiler option to es2015 or later.
vendor/three.module.js(9190,13): error TS2339: Property 'color' does not exist on type 'Material'.
vendor/three.module.js(9190,27): error TS2339: Property 'color' does not exist on type 'Material'.
vendor/three.module.js(9190,61): error TS2339: Property 'color' does not exist on type 'Material'.
vendor/three.module.js(9192,13): error TS2339: Property 'roughness' does not exist on type 'Material'.
vendor/three.module.js(9192,61): error TS2339: Property 'roughness' does not exist on type 'Material'.
vendor/three.module.js(9193,13): error TS2339: Property 'metalness' does not exist on type 'Material'.
vendor/three.module.js(9193,61): error TS2339: Property 'metalness' does not exist on type 'Material'.
vendor/three.module.js(9195,13): error TS2339: Property 'sheen' does not exist on type 'Material'.
vendor/three.module.js(9195,53): error TS2339: Property 'sheen' does not exist on type 'Material'.
vendor/three.module.js(9196,13): error TS2339: Property 'sheenColor' does not exist on type 'Material'.
vendor/three.module.js(9196,32): error TS2339: Property 'sheenColor' does not exist on type 'Material'.
vendor/three.module.js(9196,76): error TS2339: Property 'sheenColor' does not exist on type 'Material'.
vendor/three.module.js(9197,13): error TS2339: Property 'sheenRoughness' does not exist on type 'Material'.
vendor/three.module.js(9197,71): error TS2339: Property 'sheenRoughness' does not exist on type 'Material'.
vendor/three.module.js(9198,13): error TS2339: Property 'emissive' does not exist on type 'Material'.
vendor/three.module.js(9198,30): error TS2339: Property 'emissive' does not exist on type 'Material'.
vendor/three.module.js(9198,70): error TS2339: Property 'emissive' does not exist on type 'Material'.
vendor/three.module.js(9199,13): error TS2339: Property 'emissiveIntensity' does not exist on type 'Material'.
vendor/three.module.js(9199,53): error TS2339: Property 'emissiveIntensity' does not exist on type 'Material'.
vendor/three.module.js(9199,109): error TS2339: Property 'emissiveIntensity' does not exist on type 'Material'.
vendor/three.module.js(9201,13): error TS2339: Property 'specular' does not exist on type 'Material'.
vendor/three.module.js(9201,30): error TS2339: Property 'specular' does not exist on type 'Material'.
vendor/three.module.js(9201,70): error TS2339: Property 'specular' does not exist on type 'Material'.
vendor/three.module.js(9202,13): error TS2339: Property 'specularIntensity' does not exist on type 'Material'.
vendor/three.module.js(9202,77): error TS2339: Property 'specularIntensity' does not exist on type 'Material'.
vendor/three.module.js(9203,13): error TS2339: Property 'specularColor' does not exist on type 'Material'.
vendor/three.module.js(9203,35): error TS2339: Property 'specularColor' does not exist on type 'Material'.
vendor/three.module.js(9203,85): error TS2339: Property 'specularColor' does not exist on type 'Material'.
vendor/three.module.js(9204,13): error TS2339: Property 'shininess' does not exist on type 'Material'.
vendor/three.module.js(9204,61): error TS2339: Property 'shininess' does not exist on type 'Material'.
vendor/three.module.js(9205,13): error TS2339: Property 'clearcoat' does not exist on type 'Material'.
vendor/three.module.js(9205,61): error TS2339: Property 'clearcoat' does not exist on type 'Material'.
vendor/three.module.js(9206,13): error TS2339: Property 'clearcoatRoughness' does not exist on type 'Material'.
vendor/three.module.js(9206,79): error TS2339: Property 'clearcoatRoughness' does not exist on type 'Material'.
vendor/three.module.js(9208,13): error TS2339: Property 'clearcoatMap' does not exist on type 'Material'.
vendor/three.module.js(9208,34): error TS2339: Property 'clearcoatMap' does not exist on type 'Material'.
vendor/three.module.js(9210,29): error TS2339: Property 'clearcoatMap' does not exist on type 'Material'.
vendor/three.module.js(9214,13): error TS2339: Property 'clearcoatRoughnessMap' does not exist on type 'Material'.
vendor/three.module.js(9214,43): error TS2339: Property 'clearcoatRoughnessMap' does not exist on type 'Material'.
vendor/three.module.js(9216,38): error TS2339: Property 'clearcoatRoughnessMap' does not exist on type 'Material'.
vendor/three.module.js(9220,13): error TS2339: Property 'clearcoatNormalMap' does not exist on type 'Material'.
vendor/three.module.js(9220,40): error TS2339: Property 'clearcoatNormalMap' does not exist on type 'Material'.
vendor/three.module.js(9222,35): error TS2339: Property 'clearcoatNormalMap' does not exist on type 'Material'.
vendor/three.module.js(9223,37): error TS2339: Property 'clearcoatNormalScale' does not exist on type 'Material'.
vendor/three.module.js(9227,13): error TS2339: Property 'iridescence' does not exist on type 'Material'.
vendor/three.module.js(9227,65): error TS2339: Property 'iridescence' does not exist on type 'Material'.
vendor/three.module.js(9228,13): error TS2339: Property 'iridescenceIOR' does not exist on type 'Material'.
vendor/three.module.js(9228,71): error TS2339: Property 'iridescenceIOR' does not exist on type 'Material'.
vendor/three.module.js(9229,13): error TS2339: Property 'iridescenceThicknessRange' does not exist on type 'Material'.
vendor/three.module.js(9229,93): error TS2339: Property 'iridescenceThicknessRange' does not exist on type 'Material'.
vendor/three.module.js(9231,13): error TS2339: Property 'iridescenceMap' does not exist on type 'Material'.
vendor/three.module.js(9231,36): error TS2339: Property 'iridescenceMap' does not exist on type 'Material'.
vendor/three.module.js(9233,31): error TS2339: Property 'iridescenceMap' does not exist on type 'Material'.
vendor/three.module.js(9237,13): error TS2339: Property 'iridescenceThicknessMap' does not exist on type 'Material'.
vendor/three.module.js(9237,45): error TS2339: Property 'iridescenceThicknessMap' does not exist on type 'Material'.
vendor/three.module.js(9239,40): error TS2339: Property 'iridescenceThicknessMap' does not exist on type 'Material'.
vendor/three.module.js(9243,13): error TS2339: Property 'anisotropy' does not exist on type 'Material'.
vendor/three.module.js(9243,63): error TS2339: Property 'anisotropy' does not exist on type 'Material'.
vendor/three.module.js(9244,13): error TS2339: Property 'anisotropyRotation' does not exist on type 'Material'.
vendor/three.module.js(9244,79): error TS2339: Property 'anisotropyRotation' does not exist on type 'Material'.
vendor/three.module.js(9246,13): error TS2339: Property 'anisotropyMap' does not exist on type 'Material'.
vendor/three.module.js(9246,35): error TS2339: Property 'anisotropyMap' does not exist on type 'Material'.
vendor/three.module.js(9248,30): error TS2339: Property 'anisotropyMap' does not exist on type 'Material'.
vendor/three.module.js(9252,13): error TS2339: Property 'map' does not exist on type 'Material'.
vendor/three.module.js(9252,25): error TS2339: Property 'map' does not exist on type 'Material'.
vendor/three.module.js(9252,57): error TS2339: Property 'map' does not exist on type 'Material'.
vendor/three.module.js(9253,13): error TS2339: Property 'matcap' does not exist on type 'Material'.
vendor/three.module.js(9253,28): error TS2339: Property 'matcap' does not exist on type 'Material'.
vendor/three.module.js(9253,66): error TS2339: Property 'matcap' does not exist on type 'Material'.
vendor/three.module.js(9254,13): error TS2339: Property 'alphaMap' does not exist on type 'Material'.
vendor/three.module.js(9254,30): error TS2339: Property 'alphaMap' does not exist on type 'Material'.
vendor/three.module.js(9254,72): error TS2339: Property 'alphaMap' does not exist on type 'Material'.
vendor/three.module.js(9256,13): error TS2339: Property 'lightMap' does not exist on type 'Material'.
vendor/three.module.js(9256,30): error TS2339: Property 'lightMap' does not exist on type 'Material'.
vendor/three.module.js(9258,25): error TS2339: Property 'lightMap' does not exist on type 'Material'.
vendor/three.module.js(9259,34): error TS2339: Property 'lightMapIntensity' does not exist on type 'Material'.
vendor/three.module.js(9263,13): error TS2339: Property 'aoMap' does not exist on type 'Material'.
vendor/three.module.js(9263,27): error TS2339: Property 'aoMap' does not exist on type 'Material'.
vendor/three.module.js(9265,22): error TS2339: Property 'aoMap' does not exist on type 'Material'.
vendor/three.module.js(9266,31): error TS2339: Property 'aoMapIntensity' does not exist on type 'Material'.
vendor/three.module.js(9270,13): error TS2339: Property 'bumpMap' does not exist on type 'Material'.
vendor/three.module.js(9270,29): error TS2339: Property 'bumpMap' does not exist on type 'Material'.
vendor/three.module.js(9272,24): error TS2339: Property 'bumpMap' does not exist on type 'Material'.
vendor/three.module.js(9273,26): error TS2339: Property 'bumpScale' does not exist on type 'Material'.
vendor/three.module.js(9277,13): error TS2339: Property 'normalMap' does not exist on type 'Material'.
vendor/three.module.js(9277,31): error TS2339: Property 'normalMap' does not exist on type 'Material'.
vendor/three.module.js(9279,26): error TS2339: Property 'normalMap' does not exist on type 'Material'.
vendor/three.module.js(9280,30): error TS2339: Property 'normalMapType' does not exist on type 'Material'.
vendor/three.module.js(9281,28): error TS2339: Property 'normalScale' does not exist on type 'Material'.
vendor/three.module.js(9285,13): error TS2339: Property 'displacementMap' does not exist on type 'Material'.
vendor/three.module.js(9285,37): error TS2339: Property 'displacementMap' does not exist on type 'Material'.
vendor/three.module.js(9287,32): error TS2339: Property 'displacementMap' does not exist on type 'Material'.
vendor/three.module.js(9288,34): error TS2339: Property 'displacementScale' does not exist on type 'Material'.
vendor/three.module.js(9289,33): error TS2339: Property 'displacementBias' does not exist on type 'Material'.
vendor/three.module.js(9293,13): error TS2339: Property 'roughnessMap' does not exist on type 'Material'.
vendor/three.module.js(9293,34): error TS2339: Property 'roughnessMap' does not exist on type 'Material'.
vendor/three.module.js(9293,84): error TS2339: Property 'roughnessMap' does not exist on type 'Material'.
vendor/three.module.js(9294,13): error TS2339: Property 'metalnessMap' does not exist on type 'Material'.
vendor/three.module.js(9294,34): error TS2339: Property 'metalnessMap' does not exist on type 'Material'.
vendor/three.module.js(9294,84): error TS2339: Property 'metalnessMap' does not exist on type 'Material'.
vendor/three.module.js(9296,13): error TS2339: Property 'emissiveMap' does not exist on type 'Material'.
vendor/three.module.js(9296,33): error TS2339: Property 'emissiveMap' does not exist on type 'Material'.
vendor/three.module.js(9296,81): error TS2339: Property 'emissiveMap' does not exist on type 'Material'.
vendor/three.module.js(9297,13): error TS2339: Property 'specularMap' does not exist on type 'Material'.
vendor/three.module.js(9297,33): error TS2339: Property 'specularMap' does not exist on type 'Material'.
vendor/three.module.js(9297,81): error TS2339: Property 'specularMap' does not exist on type 'Material'.
vendor/three.module.js(9298,13): error TS2339: Property 'specularIntensityMap' does not exist on type 'Material'.
vendor/three.module.js(9298,42): error TS2339: Property 'specularIntensityMap' does not exist on type 'Material'.
vendor/three.module.js(9298,108): error TS2339: Property 'specularIntensityMap' does not exist on type 'Material'.
vendor/three.module.js(9299,13): error TS2339: Property 'specularColorMap' does not exist on type 'Material'.
vendor/three.module.js(9299,38): error TS2339: Property 'specularColorMap' does not exist on type 'Material'.
vendor/three.module.js(9299,96): error TS2339: Property 'specularColorMap' does not exist on type 'Material'.
vendor/three.module.js(9301,13): error TS2339: Property 'envMap' does not exist on type 'Material'.
vendor/three.module.js(9301,28): error TS2339: Property 'envMap' does not exist on type 'Material'.
vendor/three.module.js(9303,23): error TS2339: Property 'envMap' does not exist on type 'Material'.
vendor/three.module.js(9305,14): error TS2339: Property 'combine' does not exist on type 'Material'.
vendor/three.module.js(9305,58): error TS2339: Property 'combine' does not exist on type 'Material'.
vendor/three.module.js(9309,13): error TS2339: Property 'envMapRotation' does not exist on type 'Material'.
vendor/three.module.js(9309,71): error TS2339: Property 'envMapRotation' does not exist on type 'Material'.
vendor/three.module.js(9310,13): error TS2339: Property 'envMapIntensity' does not exist on type 'Material'.
vendor/three.module.js(9310,73): error TS2339: Property 'envMapIntensity' does not exist on type 'Material'.
vendor/three.module.js(9311,13): error TS2339: Property 'reflectivity' does not exist on type 'Material'.
vendor/three.module.js(9311,67): error TS2339: Property 'reflectivity' does not exist on type 'Material'.
vendor/three.module.js(9312,13): error TS2339: Property 'refractionRatio' does not exist on type 'Material'.
vendor/three.module.js(9312,73): error TS2339: Property 'refractionRatio' does not exist on type 'Material'.
vendor/three.module.js(9314,13): error TS2339: Property 'gradientMap' does not exist on type 'Material'.
vendor/three.module.js(9314,33): error TS2339: Property 'gradientMap' does not exist on type 'Material'.
vendor/three.module.js(9316,28): error TS2339: Property 'gradientMap' does not exist on type 'Material'.
vendor/three.module.js(9320,13): error TS2339: Property 'transmission' does not exist on type 'Material'.
vendor/three.module.js(9320,67): error TS2339: Property 'transmission' does not exist on type 'Material'.
vendor/three.module.js(9321,13): error TS2339: Property 'transmissionMap' does not exist on type 'Material'.
vendor/three.module.js(9321,37): error TS2339: Property 'transmissionMap' does not exist on type 'Material'.
vendor/three.module.js(9321,93): error TS2339: Property 'transmissionMap' does not exist on type 'Material'.
vendor/three.module.js(9322,13): error TS2339: Property 'thickness' does not exist on type 'Material'.
vendor/three.module.js(9322,61): error TS2339: Property 'thickness' does not exist on type 'Material'.
vendor/three.module.js(9323,13): error TS2339: Property 'thicknessMap' does not exist on type 'Material'.
vendor/three.module.js(9323,34): error TS2339: Property 'thicknessMap' does not exist on type 'Material'.
vendor/three.module.js(9323,84): error TS2339: Property 'thicknessMap' does not exist on type 'Material'.
vendor/three.module.js(9324,13): error TS2339: Property 'attenuationDistance' does not exist on type 'Material'.
vendor/three.module.js(9324,55): error TS2339: Property 'attenuationDistance' does not exist on type 'Material'.
vendor/three.module.js(9324,122): error TS2339: Property 'attenuationDistance' does not exist on type 'Material'.
vendor/three.module.js(9325,13): error TS2339: Property 'attenuationColor' does not exist on type 'Material'.
vendor/three.module.js(9325,75): error TS2339: Property 'attenuationColor' does not exist on type 'Material'.
vendor/three.module.js(9327,13): error TS2339: Property 'size' does not exist on type 'Material'.
vendor/three.module.js(9327,51): error TS2339: Property 'size' does not exist on type 'Material'.
vendor/three.module.js(9329,13): error TS2339: Property 'sizeAttenuation' does not exist on type 'Material'.
vendor/three.module.js(9329,73): error TS2339: Property 'sizeAttenuation' does not exist on type 'Material'.
vendor/three.module.js(9362,13): error TS2339: Property 'rotation' does not exist on type 'Material'.
vendor/three.module.js(9362,44): error TS2339: Property 'rotation' does not exist on type 'Material'.
vendor/three.module.js(9362,82): error TS2339: Property 'rotation' does not exist on type 'Material'.
vendor/three.module.js(9368,13): error TS2339: Property 'linewidth' does not exist on type 'Material'.
vendor/three.module.js(9368,45): error TS2339: Property 'linewidth' does not exist on type 'Material'.
vendor/three.module.js(9368,85): error TS2339: Property 'linewidth' does not exist on type 'Material'.
vendor/three.module.js(9369,13): error TS2339: Property 'dashSize' does not exist on type 'Material'.
vendor/three.module.js(9369,59): error TS2339: Property 'dashSize' does not exist on type 'Material'.
vendor/three.module.js(9370,13): error TS2339: Property 'gapSize' does not exist on type 'Material'.
vendor/three.module.js(9370,57): error TS2339: Property 'gapSize' does not exist on type 'Material'.
vendor/three.module.js(9371,13): error TS2339: Property 'scale' does not exist on type 'Material'.
vendor/three.module.js(9371,53): error TS2339: Property 'scale' does not exist on type 'Material'.
vendor/three.module.js(9381,13): error TS2339: Property 'wireframe' does not exist on type 'Material'.
vendor/three.module.js(9382,13): error TS2339: Property 'wireframeLinewidth' does not exist on type 'Material'.
vendor/three.module.js(9382,69): error TS2339: Property 'wireframeLinewidth' does not exist on type 'Material'.
vendor/three.module.js(9383,13): error TS2339: Property 'wireframeLinecap' does not exist on type 'Material'.
vendor/three.module.js(9383,73): error TS2339: Property 'wireframeLinecap' does not exist on type 'Material'.
vendor/three.module.js(9384,13): error TS2339: Property 'wireframeLinejoin' does not exist on type 'Material'.
vendor/three.module.js(9384,75): error TS2339: Property 'wireframeLinejoin' does not exist on type 'Material'.
vendor/three.module.js(9386,13): error TS2339: Property 'flatShading' does not exist on type 'Material'.
vendor/three.module.js(9392,13): error TS2339: Property 'fog' does not exist on type 'Material'.
vendor/three.module.js(9430,14): error TS2351: This expression is not constructable.
  Type 'Function' has no construct signatures.
vendor/three.module.js(10137,14): error TS2351: This expression is not constructable.
  Type 'Function' has no construct signatures.
vendor/three.module.js(10146,17): error TS2550: Property 'from' does not exist on type 'ArrayConstructor'. Do you need to change your target library? Try changing the 'lib' compiler option to 'es2015' or later.
vendor/three.module.js(11239,13): error TS2339: Property 'parameters' does not exist on type 'BufferGeometry'.
vendor/three.module.js(11241,28): error TS2339: Property 'parameters' does not exist on type 'BufferGeometry'.
vendor/three.module.js(11337,14): error TS2351: This expression is not constructable.
  Type 'Function' has no construct signatures.
vendor/three.module.js(11506,40): error TS2550: Property 'assign' does not exist on type 'ObjectConstructor'. Do you need to change your target library? Try changing the 'lib' compiler option to 'es2015' or later.
vendor/three.module.js(11952,6): error TS2322: Type 'number' is not assignable to type '() => {}'.
vendor/three.module.js(11953,6): error TS2322: Type 'number' is not assignable to type '() => {}'.
vendor/three.module.js(11954,6): error TS2322: Type 'number' is not assignable to type '() => {}'.
vendor/three.module.js(11962,6): error TS2322: Type 'number' is not assignable to type '() => {}'.
vendor/three.module.js(11963,6): error TS2322: Type 'number' is not assignable to type '() => {}'.
vendor/three.module.js(11964,6): error TS2322: Type 'number' is not assignable to type '() => {}'.
  Type 'number' is not assignable to type '() => {}'.
vendor/three.module.js(12031,28): error TS2550: Property 'assign' does not exist on type 'ObjectConstructor'. Do you need to change your target library? Try changing the 'lib' compiler option to 'es2015' or later.
vendor/three.module.js(12218,25): error TS2550: Property 'assign' does not exist on type 'ObjectConstructor'. Do you need to change your target library? Try changing the 'lib' compiler option to 'es2015' or later.
vendor/three.module.js(12227,28): error TS2550: Property 'assign' does not exist on type 'ObjectConstructor'. Do you need to change your target library? Try changing the 'lib' compiler option to 'es2015' or later.
vendor/three.module.js(12390,14): error TS2351: This expression is not constructable.
  Type 'Function' has no construct signatures.
vendor/three.module.js(12440,52): error TS2550: Property 'assign' does not exist on type 'ObjectConstructor'. Do you need to change your target library? Try changing the 'lib' compiler option to 'es2015' or later.
vendor/three.module.js(12647,55): error TS2550: Property 'assign' does not exist on type 'ObjectConstructor'. Do you need to change your target library? Try changing the 'lib' compiler option to 'es2015' or later.
vendor/three.module.js(12954,36): error TS2345: Argument of type 'ShaderMaterial' is not assignable to parameter of type 'MeshBasicMaterial'.
  Type 'ShaderMaterial' is missing the following properties from type 'MeshBasicMaterial': isMeshBasicMaterial, color, map, lightMap, and 12 more.
vendor/three.module.js(13186,14): error TS2351: This expression is not constructable.
  Type 'Function' has no construct signatures.
vendor/three.module.js(13365,14): error TS2351: This expression is not constructable.
  Type 'Function' has no construct signatures.
vendor/three.module.js(13427,22): error TS2583: Cannot find name 'WeakMap'. Do you need to change your target library? Try changing the 'lib' compiler option to 'es2015' or later.
vendor/three.module.js(13730,28): error TS2550: Property 'assign' does not exist on type 'ObjectConstructor'. Do you need to change your target library? Try changing the 'lib' compiler option to 'es2015' or later.
vendor/three.module.js(14813,6): error TS2345: Argument of type 'ShaderMaterial' is not assignable to parameter of type 'MeshBasicMaterial'.
  Type 'ShaderMaterial' is missing the following properties from type 'MeshBasicMaterial': isMeshBasicMaterial, color, map, lightMap, and 12 more.
vendor/three.module.js(14892,6): error TS2345: Argument of type 'ShaderMaterial' is not assignable to parameter of type 'MeshBasicMaterial'.
  Type 'ShaderMaterial' is missing the following properties from type 'MeshBasicMaterial': isMeshBasicMaterial, color, map, lightMap, and 12 more.
vendor/three.module.js(15111,25): error TS2538: Type 'boolean' cannot be used as an index type.
vendor/three.module.js(15116,14): error TS2538: Type 'boolean' cannot be used as an index type.
vendor/three.module.js(15925,51): error TS2339: Property 'numPlanes' does not exist on type 'setState'.
vendor/three.module.js(15926,9): error TS2339: Property 'numPlanes' does not exist on type 'setState'.
vendor/three.module.js(15996,21): error TS2583: Cannot find name 'WeakMap'. Do you need to change your target library? Try changing the 'lib' compiler option to 'es2015' or later.
vendor/three.module.js(16078,18): error TS2583: Cannot find name 'WeakMap'. Do you need to change your target library? Try changing the 'lib' compiler option to 'es2015' or later.
vendor/three.module.js(16126,52): error TS2550: Property 'assign' does not exist on type 'ObjectConstructor'. Do you need to change your target library? Try changing the 'lib' compiler option to 'es2015' or later.
vendor/three.module.js(16214,55): error TS2550: Property 'assign' does not exist on type 'ObjectConstructor'. Do you need to change your target library? Try changing the 'lib' compiler option to 'es2015' or later.
vendor/three.module.js(16399,35): error TS2550: Property 'log2' does not exist on type 'Math'. Do you need to change your target library? Try changing the 'lib' compiler option to 'es2015' or later.
vendor/three.module.js(16614,48): error TS2345: Argument of type 'ShaderMaterial' is not assignable to parameter of type 'MeshBasicMaterial'.
  Type 'ShaderMaterial' is missing the following properties from type 'MeshBasicMaterial': isMeshBasicMaterial, color, map, lightMap, and 12 more.
vendor/three.module.js(16695,57): error TS2345: Argument of type 'ShaderMaterial' is not assignable to parameter of type 'MeshBasicMaterial'.
  Type 'ShaderMaterial' is missing the following properties from type 'MeshBasicMaterial': isMeshBasicMaterial, color, map, lightMap, and 12 more.
vendor/three.module.js(17106,23): error TS2583: Cannot find name 'WeakMap'. Do you need to change your target library? Try changing the 'lib' compiler option to 'es2015' or later.
vendor/three.module.js(17212,20): error TS2583: Cannot find name 'WeakMap'. Do you need to change your target library? Try changing the 'lib' compiler option to 'es2015' or later.
vendor/three.module.js(17328,34): error TS2583: Cannot find name 'WeakMap'. Do you need to change your target library? Try changing the 'lib' compiler option to 'es2015' or later.
vendor/three.module.js(17716,28): error TS2583: Cannot find name 'WeakMap'. Do you need to change your target library? Try changing the 'lib' compiler option to 'es2015' or later.
vendor/three.module.js(17836,14): error TS1252: Function declarations are not allowed inside blocks in strict mode when targeting 'ES5'. Modules are automatically in strict mode.
vendor/three.module.js(17923,40): error TS2339: Property 'MAX_SAFE_INTEGER' does not exist on type 'NumberConstructor'.
vendor/three.module.js(17943,27): error TS2339: Property 'MAX_SAFE_INTEGER' does not exist on type 'NumberConstructor'.
vendor/three.module.js(18002,22): error TS2583: Cannot find name 'WeakMap'. Do you need to change your target library? Try changing the 'lib' compiler option to 'es2015' or later.
vendor/three.module.js(18065,19): error TS2583: Cannot find name 'WeakMap'. Do you need to change your target library? Try changing the 'lib' compiler option to 'es2015' or later.
vendor/three.module.js(19186,20): error TS2322: Type 'number' is not assignable to type 'string'.
vendor/three.module.js(19186,25): error TS2362: The left-hand side of an arithmetic operation must be of type 'any', 'number', 'bigint' or an enum type.
vendor/three.module.js(19557,28): error TS2583: Cannot find name 'Map'. Do you need to change your target library? Try changing the 'lib' compiler option to 'es2015' or later.
vendor/three.module.js(19763,22): error TS2550: Property 'log2' does not exist on type 'Math'. Do you need to change your target library? Try changing the 'lib' compiler option to 'es2015' or later.
vendor/three.module.js(20423,26): error TS2583: Cannot find name 'Map'. Do you need to change your target library? Try changing the 'lib' compiler option to 'es2015' or later.
vendor/three.module.js(20424,28): error TS2583: Cannot find name 'Map'. Do you need to change your target library? Try changing the 'lib' compiler option to 'es2015' or later.
vendor/three.module.js(20500,14): error TS2583: Cannot find name 'Set'. Do you need to change your target library? Try changing the 'lib' compiler option to 'es2015' or later.
vendor/three.module.js(20544,30): error TS2583: Cannot find name 'Set'. Do you need to change your target library? Try changing the 'lib' compiler option to 'es2015' or later.
vendor/three.module.js(21197,23): error TS2583: Cannot find name 'WeakMap'. Do you need to change your target library? Try changing the 'lib' compiler option to 'es2015' or later.
vendor/three.module.js(21228,20): error TS2583: Cannot find name 'WeakMap'. Do you need to change your target library? Try changing the 'lib' compiler option to 'es2015' or later.
vendor/three.module.js(21433,18): error TS2583: Cannot find name 'WeakMap'. Do you need to change your target library? Try changing the 'lib' compiler option to 'es2015' or later.
vendor/three.module.js(21442,11): error TS2350: Only a void function can be called with the 'new' keyword.
vendor/three.module.js(21449,12): error TS2350: Only a void function can be called with the 'new' keyword.
vendor/three.module.js(21466,15): error TS2583: Cannot find name 'WeakMap'. Do you need to change your target library? Try changing the 'lib' compiler option to 'es2015' or later.
vendor/three.module.js(21625,16): error TS2350: Only a void function can be called with the 'new' keyword.
vendor/three.module.js(22061,17): error TS2350: Only a void function can be called with the 'new' keyword.
vendor/three.module.js(22118,25): error TS2583: Cannot find name 'WeakMap'. Do you need to change your target library? Try changing the 'lib' compiler option to 'es2015' or later.
vendor/three.module.js(22127,18): error TS2350: Only a void function can be called with the 'new' keyword.
vendor/three.module.js(22134,19): error TS2350: Only a void function can be called with the 'new' keyword.
vendor/three.module.js(22151,22): error TS2583: Cannot find name 'WeakMap'. Do you need to change your target library? Try changing the 'lib' compiler option to 'es2015' or later.
vendor/three.module.js(22301,50): error TS2345: Argument of type 'ShaderMaterial' is not assignable to parameter of type 'MeshBasicMaterial'.
  Type 'ShaderMaterial' is missing the following properties from type 'MeshBasicMaterial': isMeshBasicMaterial, color, map, lightMap, and 12 more.
vendor/three.module.js(22965,22): error TS2350: Only a void function can be called with the 'new' keyword.
vendor/three.module.js(22966,22): error TS2350: Only a void function can be called with the 'new' keyword.
vendor/three.module.js(22967,24): error TS2350: Only a void function can be called with the 'new' keyword.
vendor/three.module.js(22969,26): error TS2583: Cannot find name 'WeakMap'. Do you need to change your target library? Try changing the 'lib' compiler option to 'es2015' or later.
vendor/three.module.js(22970,28): error TS2583: Cannot find name 'WeakMap'. Do you need to change your target library? Try changing the 'lib' compiler option to 'es2015' or later.
vendor/three.module.js(22975,31): error TS2583: Cannot find name 'WeakMap'. Do you need to change your target library? Try changing the 'lib' compiler option to 'es2015' or later.
vendor/three.module.js(23793,18): error TS2583: Cannot find name 'WeakMap'. Do you need to change your target library? Try changing the 'lib' compiler option to 'es2015' or later.
vendor/three.module.js(23889,28): error TS2583: Cannot find name 'WeakMap'. Do you need to change your target library? Try changing the 'lib' compiler option to 'es2015' or later.
vendor/three.module.js(23984,29): error TS2583: Cannot find name 'WeakMap'. Do you need to change your target library? Try changing the 'lib' compiler option to 'es2015' or later.
vendor/three.module.js(23987,23): error TS2583: Cannot find name 'WeakMap'. Do you need to change your target library? Try changing the 'lib' compiler option to 'es2015' or later.
vendor/three.module.js(24191,16): error TS2550: Property 'log2' does not exist on type 'Math'. Do you need to change your target library? Try changing the 'lib' compiler option to 'es2015' or later.
vendor/three.module.js(26508,15): error TS2339: Property 'joints' does not exist on type 'Group'.
vendor/three.module.js(26509,15): error TS2339: Property 'inputState' does not exist on type 'Group'.
vendor/three.module.js(26524,20): error TS2339: Property 'hasLinearVelocity' does not exist on type 'Group'.
vendor/three.module.js(26525,20): error TS2339: Property 'linearVelocity' does not exist on type 'Group'.
vendor/three.module.js(26526,20): error TS2339: Property 'hasAngularVelocity' does not exist on type 'Group'.
vendor/three.module.js(26527,20): error TS2339: Property 'angularVelocity' does not exist on type 'Group'.
vendor/three.module.js(26542,15): error TS2339: Property 'hasLinearVelocity' does not exist on type 'Group'.
vendor/three.module.js(26543,15): error TS2339: Property 'linearVelocity' does not exist on type 'Group'.
vendor/three.module.js(26544,15): error TS2339: Property 'hasAngularVelocity' does not exist on type 'Group'.
vendor/three.module.js(26545,15): error TS2339: Property 'angularVelocity' does not exist on type 'Group'.
vendor/three.module.js(26668,27): error TS2339: Property 'joints' does not exist on type 'Group'.
vendor/three.module.js(26669,27): error TS2339: Property 'joints' does not exist on type 'Group'.
vendor/three.module.js(26675,15): error TS2339: Property 'inputState' does not exist on type 'Group'.
vendor/three.module.js(26677,11): error TS2339: Property 'inputState' does not exist on type 'Group'.
vendor/three.module.js(26684,24): error TS2339: Property 'inputState' does not exist on type 'Group'.
vendor/three.module.js(26686,11): error TS2339: Property 'inputState' does not exist on type 'Group'.
vendor/three.module.js(26704,35): error TS2339: Property 'position' does not exist on type 'Group'.
vendor/three.module.js(26704,50): error TS2339: Property 'rotation' does not exist on type 'Group'.
vendor/three.module.js(26704,65): error TS2339: Property 'scale' does not exist on type 'Group'.
vendor/three.module.js(26709,13): error TS2339: Property 'hasLinearVelocity' does not exist on type 'Group'.
vendor/three.module.js(26710,13): error TS2339: Property 'linearVelocity' does not exist on type 'Group'.
vendor/three.module.js(26714,13): error TS2339: Property 'hasLinearVelocity' does not exist on type 'Group'.
vendor/three.module.js(26720,13): error TS2339: Property 'hasAngularVelocity' does not exist on type 'Group'.
vendor/three.module.js(26721,13): error TS2339: Property 'angularVelocity' does not exist on type 'Group'.
vendor/three.module.js(26725,13): error TS2339: Property 'hasAngularVelocity' does not exist on type 'Group'.
vendor/three.module.js(26749,44): error TS2339: Property 'position' does not exist on type 'Group'.
vendor/three.module.js(26749,64): error TS2339: Property 'rotation' does not exist on type 'Group'.
vendor/three.module.js(26749,84): error TS2339: Property 'scale' does not exist on type 'Group'.
vendor/three.module.js(26754,17): error TS2339: Property 'hasLinearVelocity' does not exist on type 'Group'.
vendor/three.module.js(26755,17): error TS2339: Property 'linearVelocity' does not exist on type 'Group'.
vendor/three.module.js(26759,17): error TS2339: Property 'hasLinearVelocity' does not exist on type 'Group'.
vendor/three.module.js(26765,17): error TS2339: Property 'hasAngularVelocity' does not exist on type 'Group'.
vendor/three.module.js(26766,17): error TS2339: Property 'angularVelocity' does not exist on type 'Group'.
vendor/three.module.js(26770,17): error TS2339: Property 'hasAngularVelocity' does not exist on type 'Group'.
vendor/three.module.js(26906,56): error TS2345: Argument of type 'ShaderMaterial' is not assignable to parameter of type 'MeshBasicMaterial'.
  Type 'ShaderMaterial' is missing the following properties from type 'MeshBasicMaterial': isMeshBasicMaterial, color, map, lightMap, and 12 more.
vendor/three.module.js(26965,11): error TS2339: Property 'viewport' does not exist on type 'PerspectiveCamera'.
vendor/three.module.js(26969,11): error TS2339: Property 'viewport' does not exist on type 'PerspectiveCamera'.
vendor/three.module.js(27166,21): error TS2705: An async function or method in ES5 requires the 'Promise' constructor.  Make sure you have a declaration for the 'Promise' constructor or include 'ES2015' in your '--lib' option.
vendor/three.module.js(27202,24): error TS2304: Cannot find name 'XRWebGLLayer'.
vendor/three.module.js(27240,22): error TS2304: Cannot find name 'XRWebGLBinding'.
vendor/three.module.js(27266,21): error TS2551: Property 'isXRRenderTarget' does not exist on type 'WebGLRenderTarget'. Did you mean 'isRenderTarget'?
vendor/three.module.js(27645,14): error TS2339: Property 'viewport' does not exist on type 'PerspectiveCamera'.
vendor/three.module.js(27651,38): error TS2339: Property 'position' does not exist on type 'PerspectiveCamera'.
vendor/three.module.js(27651,55): error TS2339: Property 'quaternion' does not exist on type 'PerspectiveCamera'.
vendor/three.module.js(27651,74): error TS2339: Property 'scale' does not exist on type 'PerspectiveCamera'.
vendor/three.module.js(27654,13): error TS2339: Property 'viewport' does not exist on type 'PerspectiveCamera'.
vendor/three.module.js(27659,43): error TS2339: Property 'position' does not exist on type 'ArrayCamera'.
vendor/three.module.js(27659,62): error TS2339: Property 'quaternion' does not exist on type 'ArrayCamera'.
vendor/three.module.js(27659,83): error TS2339: Property 'scale' does not exist on type 'ArrayCamera'.
vendor/three.module.js(27718,21): error TS2350: Only a void function can be called with the 'new' keyword.
vendor/three.module.js(28905,16): error TS2551: Property 'isWebGL1Renderer' does not exist on type 'WebGLRenderer'. Did you mean 'isWebGLRenderer'?
vendor/three.module.js(28964,17): error TS2350: Only a void function can be called with the 'new' keyword.
vendor/three.module.js(28966,19): error TS2350: Only a void function can be called with the 'new' keyword.
vendor/three.module.js(28970,12): error TS2350: Only a void function can be called with the 'new' keyword.
vendor/three.module.js(28972,12): error TS2350: Only a void function can be called with the 'new' keyword.
vendor/three.module.js(28974,11): error TS2350: Only a void function can be called with the 'new' keyword.
vendor/three.module.js(28975,17): error TS2350: Only a void function can be called with the 'new' keyword.
vendor/three.module.js(28977,15): error TS2350: Only a void function can be called with the 'new' keyword.
vendor/three.module.js(28978,17): error TS2350: Only a void function can be called with the 'new' keyword.
vendor/three.module.js(28979,17): error TS2350: Only a void function can be called with the 'new' keyword.
vendor/three.module.js(28980,20): error TS2350: Only a void function can be called with the 'new' keyword.
vendor/three.module.js(28981,17): error TS2350: Only a void function can be called with the 'new' keyword.
vendor/three.module.js(28982,14): error TS2350: Only a void function can be called with the 'new' keyword.
vendor/three.module.js(28983,19): error TS2350: Only a void function can be called with the 'new' keyword.
vendor/three.module.js(28985,19): error TS2350: Only a void function can be called with the 'new' keyword.
vendor/three.module.js(28986,16): error TS2350: Only a void function can be called with the 'new' keyword.
vendor/three.module.js(28987,18): error TS2350: Only a void function can be called with the 'new' keyword.
vendor/three.module.js(28988,19): error TS2350: Only a void function can be called with the 'new' keyword.
vendor/three.module.js(28989,17): error TS2350: Only a void function can be called with the 'new' keyword.
vendor/three.module.js(28991,21): error TS2350: Only a void function can be called with the 'new' keyword.
vendor/three.module.js(28998,10): error TS2339: Property 'capabilities' does not exist on type 'WebGLRenderer'.
vendor/three.module.js(28999,10): error TS2339: Property 'extensions' does not exist on type 'WebGLRenderer'.
vendor/three.module.js(29000,10): error TS2339: Property 'properties' does not exist on type 'WebGLRenderer'.
vendor/three.module.js(29001,10): error TS2339: Property 'renderLists' does not exist on type 'WebGLRenderer'.
vendor/three.module.js(29002,10): error TS2339: Property 'shadowMap' does not exist on type 'WebGLRenderer'.
vendor/three.module.js(29003,10): error TS2339: Property 'state' does not exist on type 'WebGLRenderer'.
vendor/three.module.js(29004,10): error TS2339: Property 'info' does not exist on type 'WebGLRenderer'.
vendor/three.module.js(29277,10): error TS2339: Property 'state' does not exist on type 'WebGLRenderer'.
vendor/three.module.js(29639,26): error TS2583: Cannot find name 'Set'. Do you need to change your target library? Try changing the 'lib' compiler option to 'es2015' or later.
vendor/three.module.js(29685,15): error TS2585: 'Promise' only refers to a type, but is being used as a value here. Do you need to change your target library? Try changing the 'lib' compiler option to es2015 or later.
vendor/three.module.js(29760,21): error TS2350: Only a void function can be called with the 'new' keyword.
vendor/three.module.js(29837,9): error TS2339: Property 'info' does not exist on type 'WebGLRenderer'.
vendor/three.module.js(29849,14): error TS2339: Property 'info' does not exist on type 'WebGLRenderer'.
vendor/three.module.js(29849,45): error TS2339: Property 'info' does not exist on type 'WebGLRenderer'.
vendor/three.module.js(30267,20): error TS2583: Cannot find name 'Map'. Do you need to change your target library? Try changing the 'lib' compiler option to 'es2015' or later.
vendor/three.module.js(31081,15): error TS2551: Property 'isWebGL1Renderer' does not exist on type 'WebGLRenderer'. Did you mean 'isWebGLRenderer'?
vendor/three.module.js(31196,15): error TS2304: Cannot find name '__THREE_DEVTOOLS__'.
vendor/three.module.js(31198,4): error TS2304: Cannot find name '__THREE_DEVTOOLS__'.
vendor/three.module.js(31334,15): error TS2304: Cannot find name '__THREE_DEVTOOLS__'.
vendor/three.module.js(31336,4): error TS2304: Cannot find name '__THREE_DEVTOOLS__'.
vendor/three.module.js(31491,18): error TS2351: This expression is not constructable.
  Type 'Function' has no construct signatures.
vendor/three.module.js(31524,57): error TS2550: Property 'from' does not exist on type 'ArrayConstructor'. Do you need to change your target library? Try changing the 'lib' compiler option to 'es2015' or later.
vendor/three.module.js(32001,8): error TS2339: Property 'modelViewMatrix' does not exist on type 'Sprite'.
vendor/three.module.js(32003,43): error TS2339: Property 'modelViewMatrix' does not exist on type 'Sprite'.
vendor/three.module.js(32157,23): error TS2339: Property 'levels' does not exist on type 'LOD'.
vendor/three.module.js(32189,23): error TS2339: Property 'levels' does not exist on type 'LOD'.
vendor/three.module.js(32223,23): error TS2339: Property 'levels' does not exist on type 'LOD'.
vendor/three.module.js(32239,23): error TS2339: Property 'levels' does not exist on type 'LOD'.
vendor/three.module.js(32295,23): error TS2339: Property 'levels' does not exist on type 'LOD'.
vendor/three.module.js(32727,27): error TS2345: Argument of type 'Float32Array<ArrayBuffer>' is not assignable to parameter of type 'any[]'.
  Type 'Float32Array<ArrayBuffer>' is missing the following properties from type 'any[]': pop, push, concat, shift, and 2 more.
vendor/three.module.js(34295,47): error TS2339: Property 'scale' does not exist on type 'Line'.
vendor/three.module.js(34295,62): error TS2339: Property 'scale' does not exist on type 'Line'.
vendor/three.module.js(34295,77): error TS2339: Property 'scale' does not exist on type 'Line'.
vendor/three.module.js(34302,21): error TS2339: Property 'isLineSegments' does not exist on type 'Line'.
vendor/three.module.js(34583,47): error TS2339: Property 'scale' does not exist on type 'Points'.
vendor/three.module.js(34583,62): error TS2339: Property 'scale' does not exist on type 'Points'.
vendor/three.module.js(34583,77): error TS2339: Property 'scale' does not exist on type 'Points'.
vendor/three.module.js(34717,14): error TS2351: This expression is not constructable.
  Type 'Function' has no construct signatures.
vendor/three.module.js(34879,25): error TS2554: Expected 0 arguments, but got 2.
vendor/three.module.js(34891,32): error TS2554: Expected 0 arguments, but got 1.
vendor/three.module.js(34939,38): error TS2554: Expected 0 arguments, but got 1.
vendor/three.module.js(34946,29): error TS2554: Expected 0 arguments, but got 1.
vendor/three.module.js(35059,30): error TS2554: Expected 0 arguments, but got 1.
vendor/three.module.js(35060,30): error TS2554: Expected 0 arguments, but got 1.
vendor/three.module.js(35146,31): error TS2339: Property 'EPSILON' does not exist on type 'NumberConstructor'.
vendor/three.module.js(35193,14): error TS2351: This expression is not constructable.
  Type 'Function' has no construct signatures.
vendor/three.module.js(35263,54): error TS2339: Property 'EPSILON' does not exist on type 'NumberConstructor'.
vendor/three.module.js(35269,28): error TS2339: Property 'EPSILON' does not exist on type 'NumberConstructor'.
vendor/three.module.js(35476,26): error TS2350: Only a void function can be called with the 'new' keyword.
vendor/three.module.js(35477,26): error TS2350: Only a void function can be called with the 'new' keyword.
vendor/three.module.js(35478,26): error TS2350: Only a void function can be called with the 'new' keyword.
vendor/three.module.js(36898,28): error TS2550: Property 'assign' does not exist on type 'ObjectConstructor'. Do you need to change your target library? Try changing the 'lib' compiler option to 'es2015' or later.
vendor/three.module.js(36912,7): error TS2415: Class 'CapsuleGeometry' incorrectly extends base class 'LatheGeometry'.
  Types of property 'parameters' are incompatible.
    Type '{ radius: number; length: number; capSegments: number; radialSegments: number; }' is missing the following properties from type '{ points: Vector2[]; segments: number; phiStart: number; phiLength: number; }': points, segments, phiStart, phiLength
vendor/three.module.js(37021,28): error TS2550: Property 'assign' does not exist on type 'ObjectConstructor'. Do you need to change your target library? Try changing the 'lib' compiler option to 'es2015' or later.
vendor/three.module.js(37300,28): error TS2550: Property 'assign' does not exist on type 'ObjectConstructor'. Do you need to change your target library? Try changing the 'lib' compiler option to 'es2015' or later.
vendor/three.module.js(37314,7): error TS2415: Class 'ConeGeometry' incorrectly extends base class 'CylinderGeometry'.
  Types of property 'parameters' are incompatible.
    Type '{ radius: number; height: number; radialSegments: number; heightSegments: number; openEnded: boolean; thetaStart: number; thetaLength: number; }' is missing the following properties from type '{ radiusTop: number; radiusBottom: number; height: number; radialSegments: number; heightSegments: number; openEnded: boolean; thetaStart: number; thetaLength: number; }': radiusTop, radiusBottom
vendor/three.module.js(37641,28): error TS2550: Property 'assign' does not exist on type 'ObjectConstructor'. Do you need to change your target library? Try changing the 'lib' compiler option to 'es2015' or later.
vendor/three.module.js(37655,7): error TS2415: Class 'DodecahedronGeometry' incorrectly extends base class 'PolyhedronGeometry'.
  Types of property 'parameters' are incompatible.
    Type '{ radius: number; detail: number; }' is missing the following properties from type '{ vertices: any[]; indices: any[]; radius: number; detail: number; }': vertices, indices
vendor/three.module.js(37854,28): error TS2550: Property 'assign' does not exist on type 'ObjectConstructor'. Do you need to change your target library? Try changing the 'lib' compiler option to 'es2015' or later.
vendor/three.module.js(38872,3): error TS2322: Type '(Shape & any[]) | Shape[]' is not assignable to type 'Shape'.
  Type 'Shape[]' is missing the following properties from type 'Shape': uuid, type, holes, getPointsHoles, and 36 more.
vendor/three.module.js(38879,31): error TS2339: Property 'length' does not exist on type 'Shape'.
vendor/three.module.js(39035,42): error TS2339: Property 'EPSILON' does not exist on type 'NumberConstructor'.
vendor/three.module.js(39082,29): error TS2339: Property 'EPSILON' does not exist on type 'NumberConstructor'.
vendor/three.module.js(39084,30): error TS2339: Property 'EPSILON' does not exist on type 'NumberConstructor'.
vendor/three.module.js(39092,32): error TS2339: Property 'EPSILON' does not exist on type 'NumberConstructor'.
vendor/three.module.js(39094,33): error TS2339: Property 'EPSILON' does not exist on type 'NumberConstructor'.
vendor/three.module.js(39102,18): error TS2550: Property 'sign' does not exist on type 'Math'. Do you need to change your target library? Try changing the 'lib' compiler option to 'es2015' or later.
vendor/three.module.js(39102,44): error TS2550: Property 'sign' does not exist on type 'Math'. Do you need to change your target library? Try changing the 'lib' compiler option to 'es2015' or later.
vendor/three.module.js(39512,28): error TS2550: Property 'assign' does not exist on type 'ObjectConstructor'. Do you need to change your target library? Try changing the 'lib' compiler option to 'es2015' or later.
vendor/three.module.js(39549,31): error TS2345: Argument of type 'any[]' is not assignable to parameter of type 'Shape'.
  Type 'any[]' is missing the following properties from type 'Shape': uuid, type, holes, getPointsHoles, and 36 more.
vendor/three.module.js(39633,24): error TS2550: Property 'assign' does not exist on type 'ObjectConstructor'. Do you need to change your target library? Try changing the 'lib' compiler option to 'es2015' or later.
vendor/three.module.js(39641,7): error TS2415: Class 'IcosahedronGeometry' incorrectly extends base class 'PolyhedronGeometry'.
  Types of property 'parameters' are incompatible.
    Type '{ radius: number; detail: number; }' is missing the following properties from type '{ vertices: any[]; indices: any[]; radius: number; detail: number; }': vertices, indices
vendor/three.module.js(39679,7): error TS2415: Class 'OctahedronGeometry' incorrectly extends base class 'PolyhedronGeometry'.
  Types of property 'parameters' are incompatible.
    Type '{ radius: number; detail: number; }' is missing the following properties from type '{ vertices: any[]; indices: any[]; radius: number; detail: number; }': vertices, indices
vendor/three.module.js(39820,28): error TS2550: Property 'assign' does not exist on type 'ObjectConstructor'. Do you need to change your target library? Try changing the 'lib' compiler option to 'es2015' or later.
vendor/three.module.js(39964,28): error TS2550: Property 'assign' does not exist on type 'ObjectConstructor'. Do you need to change your target library? Try changing the 'lib' compiler option to 'es2015' or later.
vendor/three.module.js(39992,29): error TS2345: Argument of type 'any[]' is not assignable to parameter of type 'Shape'.
  Type 'any[]' is missing the following properties from type 'Shape': uuid, type, holes, getPointsHoles, and 36 more.
vendor/three.module.js(40140,28): error TS2550: Property 'assign' does not exist on type 'ObjectConstructor'. Do you need to change your target library? Try changing the 'lib' compiler option to 'es2015' or later.
vendor/three.module.js(40154,7): error TS2415: Class 'TetrahedronGeometry' incorrectly extends base class 'PolyhedronGeometry'.
  Types of property 'parameters' are incompatible.
    Type '{ radius: number; detail: number; }' is missing the following properties from type '{ vertices: any[]; indices: any[]; radius: number; detail: number; }': vertices, indices
vendor/three.module.js(40286,28): error TS2550: Property 'assign' does not exist on type 'ObjectConstructor'. Do you need to change your target library? Try changing the 'lib' compiler option to 'es2015' or later.
vendor/three.module.js(40448,28): error TS2550: Property 'assign' does not exist on type 'ObjectConstructor'. Do you need to change your target library? Try changing the 'lib' compiler option to 'es2015' or later.
vendor/three.module.js(40625,28): error TS2550: Property 'assign' does not exist on type 'ObjectConstructor'. Do you need to change your target library? Try changing the 'lib' compiler option to 'es2015' or later.
vendor/three.module.js(40674,22): error TS2583: Cannot find name 'Set'. Do you need to change your target library? Try changing the 'lib' compiler option to 'es2015' or later.
vendor/three.module.js(40771,28): error TS2550: Property 'assign' does not exist on type 'ObjectConstructor'. Do you need to change your target library? Try changing the 'lib' compiler option to 'es2015' or later.
vendor/three.module.js(42228,27): error TS2554: Expected 0 arguments, but got 3.
vendor/three.module.js(42232,29): error TS2554: Expected 0 arguments, but got 4.
vendor/three.module.js(42525,10): error TS2339: Property 'interpolation' does not exist on type '{ name: any; times: any; values: any; }'.
vendor/three.module.js(42584,10): error TS2339: Property 'ValueTypeName' does not exist on type 'KeyframeTrack'.
vendor/three.module.js(42916,21): error TS2351: This expression is not constructable.
  Type 'Function' has no construct signatures.
vendor/three.module.js(42934,7): error TS2415: Class 'BooleanKeyframeTrack' incorrectly extends base class 'KeyframeTrack'.
  Types of property 'ValueBufferType' are incompatible.
    Type 'ArrayConstructor' is missing the following properties from type 'Float32ArrayConstructor': BYTES_PER_ELEMENT, of, from
vendor/three.module.js(43011,7): error TS2415: Class 'StringKeyframeTrack' incorrectly extends base class 'KeyframeTrack'.
  Types of property 'ValueBufferType' are incompatible.
    Type 'ArrayConstructor' is missing the following properties from type 'Float32ArrayConstructor': BYTES_PER_ELEMENT, of, from
vendor/three.module.js(43398,14): error TS2351: This expression is not constructable.
  Type 'Function' has no construct signatures.
vendor/three.module.js(43404,27): error TS2339: Property 'toJSON' does not exist on type 'Function'.
vendor/three.module.js(43474,17): error TS2339: Property 'parse' does not exist on type 'typeof BooleanKeyframeTrack | typeof QuaternionKeyframeTrack'.
  Property 'parse' does not exist on type 'typeof BooleanKeyframeTrack'.
vendor/three.module.js(43476,20): error TS2339: Property 'parse' does not exist on type 'typeof BooleanKeyframeTrack | typeof QuaternionKeyframeTrack'.
  Property 'parse' does not exist on type 'typeof BooleanKeyframeTrack'.
vendor/three.module.js(43688,14): error TS2585: 'Promise' only refers to a type, but is being used as a value here. Do you need to change your target library? Try changing the 'lib' compiler option to es2015 or later.
vendor/three.module.js(43690,16): error TS2554: Expected 0 arguments, but got 4.
vendor/three.module.js(43990,5): error TS2550: Property 'finally' does not exist on type 'Promise<void>'. Do you need to change your target library? Try changing the 'lib' compiler option to 'es2018' or later.
vendor/three.module.js(44110,35): error TS2554: Expected 0 arguments, but got 2.
vendor/three.module.js(44113,22): error TS2339: Property 'width' does not exist on type 'void'.
vendor/three.module.js(44114,23): error TS2339: Property 'height' does not exist on type 'void'.
vendor/three.module.js(44115,23): error TS2339: Property 'format' does not exist on type 'void'.
vendor/three.module.js(44116,24): error TS2339: Property 'mipmaps' does not exist on type 'void'.
vendor/three.module.js(44123,20): error TS2339: Property 'mipmapCount' does not exist on type 'void'.
vendor/three.module.js(44125,6): error TS2739: Type 'any[]' is missing the following properties from type '{ width: any; height: any; }': width, height
vendor/three.module.js(44126,32): error TS2339: Property 'format' does not exist on type 'void'.
vendor/three.module.js(44151,35): error TS2554: Expected 0 arguments, but got 2.
vendor/three.module.js(44153,19): error TS2339: Property 'isCubemap' does not exist on type 'void'.
vendor/three.module.js(44155,29): error TS2339: Property 'mipmaps' does not exist on type 'void'.
vendor/three.module.js(44155,55): error TS2339: Property 'mipmapCount' does not exist on type 'void'.
vendor/three.module.js(44161,37): error TS2339: Property 'mipmapCount' does not exist on type 'void'.
vendor/three.module.js(44163,43): error TS2339: Property 'mipmaps' does not exist on type 'void'.
vendor/three.module.js(44163,65): error TS2339: Property 'mipmapCount' does not exist on type 'void'.
vendor/three.module.js(44164,38): error TS2339: Property 'format' does not exist on type 'void'.
vendor/three.module.js(44165,37): error TS2339: Property 'width' does not exist on type 'void'.
vendor/three.module.js(44166,38): error TS2339: Property 'height' does not exist on type 'void'.
vendor/three.module.js(44172,6): error TS2739: Type 'any[]' is missing the following properties from type '{ width: any; height: any; }': width, height
vendor/three.module.js(44176,37): error TS2339: Property 'width' does not exist on type 'void'.
vendor/three.module.js(44177,38): error TS2339: Property 'height' does not exist on type 'void'.
vendor/three.module.js(44178,33): error TS2339: Property 'mipmaps' does not exist on type 'void'.
vendor/three.module.js(44182,19): error TS2339: Property 'mipmapCount' does not exist on type 'void'.
vendor/three.module.js(44188,31): error TS2339: Property 'format' does not exist on type 'void'.
vendor/three.module.js(44274,48): error TS2339: Property 'crossOrigin' does not exist on type 'HTMLElement'.
vendor/three.module.js(44280,9): error TS2339: Property 'src' does not exist on type 'HTMLElement'.
vendor/three.module.js(44370,28): error TS2554: Expected 0 arguments, but got 1.
vendor/three.module.js(44387,17): error TS2339: Property 'image' does not exist on type 'void'.
vendor/three.module.js(44389,29): error TS2339: Property 'image' does not exist on type 'void'.
vendor/three.module.js(44391,24): error TS2339: Property 'data' does not exist on type 'void'.
vendor/three.module.js(44393,35): error TS2339: Property 'width' does not exist on type 'void'.
vendor/three.module.js(44394,36): error TS2339: Property 'height' does not exist on type 'void'.
vendor/three.module.js(44395,34): error TS2339: Property 'data' does not exist on type 'void'.
vendor/three.module.js(44399,28): error TS2339: Property 'wrapS' does not exist on type 'void'.
vendor/three.module.js(44399,58): error TS2339: Property 'wrapS' does not exist on type 'void'.
vendor/three.module.js(44400,28): error TS2339: Property 'wrapT' does not exist on type 'void'.
vendor/three.module.js(44400,58): error TS2339: Property 'wrapT' does not exist on type 'void'.
vendor/three.module.js(44402,32): error TS2339: Property 'magFilter' does not exist on type 'void'.
vendor/three.module.js(44402,66): error TS2339: Property 'magFilter' does not exist on type 'void'.
vendor/three.module.js(44403,32): error TS2339: Property 'minFilter' does not exist on type 'void'.
vendor/three.module.js(44403,66): error TS2339: Property 'minFilter' does not exist on type 'void'.
vendor/three.module.js(44405,33): error TS2339: Property 'anisotropy' does not exist on type 'void'.
vendor/three.module.js(44405,68): error TS2339: Property 'anisotropy' does not exist on type 'void'.
vendor/three.module.js(44407,17): error TS2339: Property 'colorSpace' does not exist on type 'void'.
vendor/three.module.js(44409,34): error TS2339: Property 'colorSpace' does not exist on type 'void'.
vendor/three.module.js(44413,17): error TS2339: Property 'flipY' does not exist on type 'void'.
vendor/three.module.js(44415,29): error TS2339: Property 'flipY' does not exist on type 'void'.
vendor/three.module.js(44419,17): error TS2339: Property 'format' does not exist on type 'void'.
vendor/three.module.js(44421,30): error TS2339: Property 'format' does not exist on type 'void'.
vendor/three.module.js(44425,17): error TS2339: Property 'type' does not exist on type 'void'.
vendor/three.module.js(44427,28): error TS2339: Property 'type' does not exist on type 'void'.
vendor/three.module.js(44431,17): error TS2339: Property 'mipmaps' does not exist on type 'void'.
vendor/three.module.js(44433,31): error TS2339: Property 'mipmaps' does not exist on type 'void'.
vendor/three.module.js(44438,17): error TS2339: Property 'mipmapCount' does not exist on type 'void'.
vendor/three.module.js(44444,17): error TS2339: Property 'generateMipmaps' does not exist on type 'void'.
vendor/three.module.js(44446,39): error TS2339: Property 'generateMipmaps' does not exist on type 'void'.
vendor/three.module.js(44537,13): error TS2339: Property 'groundColor' does not exist on type 'Light'.
vendor/three.module.js(44537,72): error TS2339: Property 'groundColor' does not exist on type 'Light'.
vendor/three.module.js(44539,13): error TS2339: Property 'distance' does not exist on type 'Light'.
vendor/three.module.js(44539,66): error TS2339: Property 'distance' does not exist on type 'Light'.
vendor/three.module.js(44540,13): error TS2339: Property 'angle' does not exist on type 'Light'.
vendor/three.module.js(44540,60): error TS2339: Property 'angle' does not exist on type 'Light'.
vendor/three.module.js(44541,13): error TS2339: Property 'decay' does not exist on type 'Light'.
vendor/three.module.js(44541,60): error TS2339: Property 'decay' does not exist on type 'Light'.
vendor/three.module.js(44542,13): error TS2339: Property 'penumbra' does not exist on type 'Light'.
vendor/three.module.js(44542,66): error TS2339: Property 'penumbra' does not exist on type 'Light'.
vendor/three.module.js(44544,13): error TS2339: Property 'shadow' does not exist on type 'Light'.
vendor/three.module.js(44544,62): error TS2339: Property 'shadow' does not exist on type 'Light'.
vendor/three.module.js(44562,8): error TS2339: Property 'position' does not exist on type 'HemisphereLight'.
vendor/three.module.js(44699,14): error TS2351: This expression is not constructable.
  Type 'Function' has no construct signatures.
vendor/three.module.js(44776,8): error TS2339: Property 'position' does not exist on type 'SpotLight'.
vendor/three.module.js(44995,8): error TS2339: Property 'position' does not exist on type 'DirectionalLight'.
vendor/three.module.js(45271,14): error TS2351: This expression is not constructable.
  Type 'Function' has no construct signatures.
vendor/three.module.js(45940,57): error TS2339: Property 'setUsage' does not exist on type 'BufferAttribute | InterleavedBufferAttribute'.
  Property 'setUsage' does not exist on type 'InterleavedBufferAttribute'.
vendor/three.module.js(46637,55): error TS2339: Property 'compareFunction' does not exist on type 'Texture'.
vendor/three.module.js(46725,18): error TS2550: Property 'isInteger' does not exist on type 'NumberConstructor'. Do you need to change your target library? Try changing the 'lib' compiler option to 'es2015' or later.
vendor/three.module.js(46778,57): error TS2550: Property 'assign' does not exist on type 'ObjectConstructor'. Do you need to change your target library? Try changing the 'lib' compiler option to 'es2015' or later.
vendor/three.module.js(46787,57): error TS2550: Property 'assign' does not exist on type 'ObjectConstructor'. Do you need to change your target library? Try changing the 'lib' compiler option to 'es2015' or later.
vendor/three.module.js(46979,67): error TS2339: Property 'position' does not exist on type 'Object3D | Mesh | Sprite | LOD | BatchedMesh | Line | Points'.
  Property 'position' does not exist on type 'Object3D'.
vendor/three.module.js(46979,84): error TS2339: Property 'quaternion' does not exist on type 'Object3D | Mesh | Sprite | LOD | BatchedMesh | Line | Points'.
  Property 'quaternion' does not exist on type 'Object3D'.
vendor/three.module.js(46979,103): error TS2339: Property 'scale' does not exist on type 'Object3D | Mesh | Sprite | LOD | BatchedMesh | Line | Points'.
  Property 'scale' does not exist on type 'Object3D'.
vendor/three.module.js(46983,46): error TS2339: Property 'position' does not exist on type 'Object3D | Mesh | Sprite | LOD | BatchedMesh | Line | Points'.
  Property 'position' does not exist on type 'Object3D'.
vendor/three.module.js(46984,46): error TS2339: Property 'rotation' does not exist on type 'Object3D | Mesh | Sprite | LOD | BatchedMesh | Line | Points'.
  Property 'rotation' does not exist on type 'Object3D'.
vendor/three.module.js(46985,48): error TS2339: Property 'quaternion' does not exist on type 'Object3D | Mesh | Sprite | LOD | BatchedMesh | Line | Points'.
  Property 'quaternion' does not exist on type 'Object3D'.
vendor/three.module.js(46986,43): error TS2339: Property 'scale' does not exist on type 'Object3D | Mesh | Sprite | LOD | BatchedMesh | Line | Points'.
  Property 'scale' does not exist on type 'Object3D'.
vendor/three.module.js(46997,49): error TS2339: Property 'shadow' does not exist on type 'Object3D | Mesh | Sprite | LOD | BatchedMesh | Line | Points'.
  Property 'shadow' does not exist on type 'Object3D'.
vendor/three.module.js(46998,55): error TS2339: Property 'shadow' does not exist on type 'Object3D | Mesh | Sprite | LOD | BatchedMesh | Line | Points'.
  Property 'shadow' does not exist on type 'Object3D'.
vendor/three.module.js(46999,51): error TS2339: Property 'shadow' does not exist on type 'Object3D | Mesh | Sprite | LOD | BatchedMesh | Line | Points'.
  Property 'shadow' does not exist on type 'Object3D'.
vendor/three.module.js(47000,52): error TS2339: Property 'shadow' does not exist on type 'Object3D | Mesh | Sprite | LOD | BatchedMesh | Line | Points'.
  Property 'shadow' does not exist on type 'Object3D'.
vendor/three.module.js(47001,51): error TS2339: Property 'shadow' does not exist on type 'Object3D | Mesh | Sprite | LOD | BatchedMesh | Line | Points'.
  Property 'shadow' does not exist on type 'Object3D'.
vendor/three.module.js(47039,48): error TS2339: Property 'autoUpdate' does not exist on type 'Object3D | Mesh | Sprite | LOD | BatchedMesh | Line | Points'.
  Property 'autoUpdate' does not exist on type 'Object3D'.
vendor/three.module.js(47050,13): error TS2339: Property 'addLevel' does not exist on type 'Object3D | Mesh | Sprite | LOD | BatchedMesh | Line | Points'.
  Property 'addLevel' does not exist on type 'Object3D'.
vendor/three.module.js(47197,31): error TS2345: Argument of type '{ credentials: string; headers: {}; }' is not assignable to parameter of type 'RequestInit'.
  Types of property 'credentials' are incompatible.
    Type 'string' is not assignable to type 'RequestCredentials'.
vendor/three.module.js(47203,43): error TS2550: Property 'assign' does not exist on type 'ObjectConstructor'. Do you need to change your target library? Try changing the 'lib' compiler option to 'es2015' or later.
vendor/three.module.js(47241,51): error TS2551: Property 'webkitAudioContext' does not exist on type 'Window & typeof globalThis'. Did you mean 'AudioContext'?
vendor/three.module.js(48029,2): error TS2416: Property 'connect' in type 'PositionalAudio' is not assignable to the same property in base type 'Audio'.
  Type '() => void' is not assignable to type '() => this'.
    Type 'void' is not assignable to type 'this'.
      'this' could be instantiated with an arbitrary type which could be unrelated to 'void'.
vendor/three.module.js(48037,2): error TS2416: Property 'disconnect' in type 'PositionalAudio' is not assignable to the same property in base type 'Audio'.
  Type '() => void' is not assignable to type '() => this'.
    Type 'void' is not assignable to type 'this'.
      'this' could be instantiated with an arbitrary type which could be unrelated to 'void'.
vendor/three.module.js(50916,25): error TS2550: Property 'sign' does not exist on type 'Math'. Do you need to change your target library? Try changing the 'lib' compiler option to 'es2015' or later.
vendor/three.module.js(51165,14): error TS2351: This expression is not constructable.
  Type 'Function' has no construct signatures.
vendor/three.module.js(51472,14): error TS2351: This expression is not constructable.
  Type 'Function' has no construct signatures.
vendor/three.module.js(51532,14): error TS2351: This expression is not constructable.
  Type 'Function' has no construct signatures.
vendor/three.module.js(51586,14): error TS2351: This expression is not constructable.
  Type 'Function' has no construct signatures.
vendor/three.module.js(51844,14): error TS2351: This expression is not constructable.
  Type 'Function' has no construct signatures.
vendor/three.module.js(51932,13): error TS2339: Property 'scale' does not exist on type 'LineSegments'.
vendor/three.module.js(52238,3): error TS2322: Type 'Color' is not assignable to type 'number'.
vendor/three.module.js(52239,3): error TS2322: Type 'Color' is not assignable to type 'number'.
vendor/three.module.js(52254,10): error TS2339: Property 'toArray' does not exist on type 'number'.
vendor/three.module.js(52255,10): error TS2339: Property 'toArray' does not exist on type 'number'.
vendor/three.module.js(52256,10): error TS2339: Property 'toArray' does not exist on type 'number'.
vendor/three.module.js(52257,10): error TS2339: Property 'toArray' does not exist on type 'number'.
vendor/three.module.js(52286,3): error TS2322: Type 'Color' is not assignable to type 'number'.
vendor/three.module.js(52287,3): error TS2322: Type 'Color' is not assignable to type 'number'.
vendor/three.module.js(52308,24): error TS2339: Property 'r' does not exist on type 'number'.
vendor/three.module.js(52308,33): error TS2339: Property 'g' does not exist on type 'number'.
vendor/three.module.js(52308,42): error TS2339: Property 'b' does not exist on type 'number'.
vendor/three.module.js(52309,24): error TS2339: Property 'r' does not exist on type 'number'.
vendor/three.module.js(52309,33): error TS2339: Property 'g' does not exist on type 'number'.
vendor/three.module.js(52309,42): error TS2339: Property 'b' does not exist on type 'number'.
vendor/three.module.js(52333,24): error TS2339: Property 'r' does not exist on type 'number'.
vendor/three.module.js(52333,33): error TS2339: Property 'g' does not exist on type 'number'.
vendor/three.module.js(52333,42): error TS2339: Property 'b' does not exist on type 'number'.
vendor/three.module.js(52343,24): error TS2339: Property 'r' does not exist on type 'number'.
vendor/three.module.js(52343,33): error TS2339: Property 'g' does not exist on type 'number'.
vendor/three.module.js(52343,42): error TS2339: Property 'b' does not exist on type 'number'.
vendor/three.module.js(52448,19): error TS2339: Property 'scale' does not exist on type 'Line'.
vendor/three.module.js(52849,23): error TS2339: Property 'position' does not exist on type 'Box3Helper'.
vendor/three.module.js(52851,21): error TS2339: Property 'scale' does not exist on type 'Box3Helper'.
vendor/three.module.js(52853,8): error TS2339: Property 'scale' does not exist on type 'Box3Helper'.
vendor/three.module.js(52900,8): error TS2339: Property 'position' does not exist on type 'PlaneHelper'.
vendor/three.module.js(52902,8): error TS2339: Property 'scale' does not exist on type 'PlaneHelper'.
vendor/three.module.js(52946,8): error TS2339: Property 'position' does not exist on type 'ArrowHelper'.
vendor/three.module.js(52967,9): error TS2339: Property 'quaternion' does not exist on type 'ArrowHelper'.
vendor/three.module.js(52971,9): error TS2339: Property 'quaternion' does not exist on type 'ArrowHelper'.
vendor/three.module.js(52979,9): error TS2339: Property 'quaternion' does not exist on type 'ArrowHelper'.
vendor/three.module.js(52987,13): error TS2339: Property 'scale' does not exist on type 'Line'.
vendor/three.module.js(52990,13): error TS2339: Property 'scale' does not exist on type 'Mesh'.
vendor/three.module.js(52991,13): error TS2339: Property 'position' does not exist on type 'Mesh'.
vendor/three.module.js(53178,38): error TS2339: Property 'EPSILON' does not exist on type 'NumberConstructor'.
vendor/three.module.js(53355,26): error TS2532: Object is possibly 'undefined'.
vendor/three.module.js(53389,13): error TS2304: Cannot find name '__THREE_DEVTOOLS__'.
vendor/three.module.js(53391,2): error TS2304: Cannot find name '__THREE_DEVTOOLS__'.
vendor/three.module.js(53399,14): error TS2339: Property '__THREE__' does not exist on type 'Window & typeof globalThis'.
vendor/three.module.js(53405,10): error TS2339: Property '__THREE__' does not exist on type 'Window & typeof globalThis'.
